Component: ARM Compiler 5.06 update 6 (build 750) Tool: armlink [4d35ed]

==============================================================================

Section Cross References

    startup_stm32f407xx.o(RESET) refers to startup_stm32f407xx.o(STACK) for __initial_sp
    startup_stm32f407xx.o(RESET) refers to startup_stm32f407xx.o(.text) for Reset_Handler
    startup_stm32f407xx.o(RESET) refers to stm32f4xx_it.o(i.NMI_Handler) for NMI_Handler
    startup_stm32f407xx.o(RESET) refers to stm32f4xx_it.o(i.HardFault_Handler) for HardFault_Handler
    startup_stm32f407xx.o(RESET) refers to stm32f4xx_it.o(i.MemManage_Handler) for MemManage_Handler
    startup_stm32f407xx.o(RESET) refers to stm32f4xx_it.o(i.BusFault_Handler) for BusFault_Handler
    startup_stm32f407xx.o(RESET) refers to stm32f4xx_it.o(i.UsageFault_Handler) for UsageFault_Handler
    startup_stm32f407xx.o(RESET) refers to stm32f4xx_it.o(i.SVC_Handler) for SVC_Handler
    startup_stm32f407xx.o(RESET) refers to stm32f4xx_it.o(i.DebugMon_Handler) for DebugMon_Handler
    startup_stm32f407xx.o(RESET) refers to stm32f4xx_it.o(i.PendSV_Handler) for PendSV_Handler
    startup_stm32f407xx.o(RESET) refers to stm32f4xx_it.o(i.SysTick_Handler) for SysTick_Handler
    startup_stm32f407xx.o(RESET) refers to stm32f4xx_it.o(i.OTG_FS_IRQHandler) for OTG_FS_IRQHandler
    startup_stm32f407xx.o(.text) refers to system_stm32f4xx.o(i.SystemInit) for SystemInit
    startup_stm32f407xx.o(.text) refers to entry.o(.ARM.Collect$$$$00000000) for __main
    main.o(i.SystemClock_Config) refers to memseta.o(.text) for __aeabi_memclr4
    main.o(i.SystemClock_Config) refers to stm32f4xx_hal_rcc.o(i.HAL_RCC_OscConfig) for HAL_RCC_OscConfig
    main.o(i.SystemClock_Config) refers to stm32f4xx_hal_rcc.o(i.HAL_RCC_ClockConfig) for HAL_RCC_ClockConfig
    main.o(i.main) refers to stm32f4xx_hal.o(i.HAL_Init) for HAL_Init
    main.o(i.main) refers to main.o(i.SystemClock_Config) for SystemClock_Config
    main.o(i.main) refers to gpio.o(i.MX_GPIO_Init) for MX_GPIO_Init
    main.o(i.main) refers to usb_device.o(i.MX_USB_DEVICE_Init) for MX_USB_DEVICE_Init
    main.o(i.main) refers to usart.o(i.MX_UART4_Init) for MX_UART4_Init
    main.o(i.main) refers to usart.o(i.MX_USART3_UART_Init) for MX_USART3_UART_Init
    main.o(i.main) refers to stm32f4xx_hal.o(i.HAL_Delay) for HAL_Delay
    main.o(i.main) refers to usbd_customhid.o(i.USBD_CUSTOM_HID_SendReport) for USBD_CUSTOM_HID_SendReport
    main.o(i.main) refers to stm32f4xx_hal.o(i.HAL_GetTick) for HAL_GetTick
    main.o(i.main) refers to main.o(.data) for .data
    main.o(i.main) refers to usb_device.o(.bss) for hUsbDeviceFS
    usart.o(i.HAL_UART_MspDeInit) refers to stm32f4xx_hal_gpio.o(i.HAL_GPIO_DeInit) for HAL_GPIO_DeInit
    usart.o(i.HAL_UART_MspInit) refers to memseta.o(.text) for __aeabi_memclr4
    usart.o(i.HAL_UART_MspInit) refers to stm32f4xx_hal_gpio.o(i.HAL_GPIO_Init) for HAL_GPIO_Init
    usart.o(i.MX_UART4_Init) refers to stm32f4xx_hal_uart.o(i.HAL_UART_Init) for HAL_UART_Init
    usart.o(i.MX_UART4_Init) refers to main.o(i.Error_Handler) for Error_Handler
    usart.o(i.MX_UART4_Init) refers to usart.o(.bss) for .bss
    usart.o(i.MX_USART3_UART_Init) refers to stm32f4xx_hal_uart.o(i.HAL_UART_Init) for HAL_UART_Init
    usart.o(i.MX_USART3_UART_Init) refers to main.o(i.Error_Handler) for Error_Handler
    usart.o(i.MX_USART3_UART_Init) refers to usart.o(.bss) for .bss
    usart.o(i.fputc) refers to stm32f4xx_hal_uart.o(i.HAL_UART_Transmit) for HAL_UART_Transmit
    usart.o(i.fputc) refers to usart.o(.bss) for .bss
    stm32f4xx_it.o(i.OTG_FS_IRQHandler) refers to stm32f4xx_hal_pcd.o(i.HAL_PCD_IRQHandler) for HAL_PCD_IRQHandler
    stm32f4xx_it.o(i.OTG_FS_IRQHandler) refers to usbd_conf.o(.bss) for hpcd_USB_OTG_FS
    stm32f4xx_it.o(i.SysTick_Handler) refers to stm32f4xx_hal.o(i.HAL_IncTick) for HAL_IncTick
    usb_device.o(i.MX_USB_DEVICE_Init) refers to usbd_core.o(i.USBD_Init) for USBD_Init
    usb_device.o(i.MX_USB_DEVICE_Init) refers to main.o(i.Error_Handler) for Error_Handler
    usb_device.o(i.MX_USB_DEVICE_Init) refers to usbd_core.o(i.USBD_RegisterClass) for USBD_RegisterClass
    usb_device.o(i.MX_USB_DEVICE_Init) refers to usbd_customhid.o(i.USBD_CUSTOM_HID_RegisterInterface) for USBD_CUSTOM_HID_RegisterInterface
    usb_device.o(i.MX_USB_DEVICE_Init) refers to usbd_core.o(i.USBD_Start) for USBD_Start
    usb_device.o(i.MX_USB_DEVICE_Init) refers to usbd_desc.o(.data) for FS_Desc
    usb_device.o(i.MX_USB_DEVICE_Init) refers to usb_device.o(.bss) for .bss
    usb_device.o(i.MX_USB_DEVICE_Init) refers to usbd_customhid.o(.data) for USBD_CUSTOM_HID
    usb_device.o(i.MX_USB_DEVICE_Init) refers to usbd_custom_hid_if.o(.data) for USBD_CustomHID_fops_FS
    usbd_desc.o(i.USBD_FS_ConfigStrDescriptor) refers to usbd_ctlreq.o(i.USBD_GetString) for USBD_GetString
    usbd_desc.o(i.USBD_FS_ConfigStrDescriptor) refers to usbd_desc.o(.bss) for .bss
[...]
    .ARM.Collect$$$$00000008                 0x08000190   Section        0  entry7b.o(.ARM.Collect$$$$00000008)
    .ARM.Collect$$$$0000000A                 0x08000190   Section        0  entry8b.o(.ARM.Collect$$$$0000000A)
    .ARM.Collect$$$$0000000B                 0x08000190   Section        8  entry9a.o(.ARM.Collect$$$$0000000B)
    .ARM.Collect$$$$0000000D                 0x08000198   Section        0  entry10a.o(.ARM.Collect$$$$0000000D)
    .ARM.Collect$$$$0000000F                 0x08000198   Section        0  entry11a.o(.ARM.Collect$$$$0000000F)
    .ARM.Collect$$$$00002712                 0x08000198   Section        4  entry2.o(.ARM.Collect$$$$00002712)
    __lit__00000000                          0x08000198   Data           4  entry2.o(.ARM.Collect$$$$00002712)
    .text                                    0x0800019c   Section       36  startup_stm32f407xx.o(.text)
    $v0                                      0x0800019c   Number         0  startup_stm32f407xx.o(.text)
    .text                                    0x080001c0   Section        0  uldiv.o(.text)
    .text                                    0x08000222   Section        0  memseta.o(.text)
    .text                                    0x08000246   Section        0  llshl.o(.text)
    .text                                    0x08000264   Section        0  llushr.o(.text)
    .text                                    0x08000284   Section       36  init.o(.text)
    .text                                    0x080002a8   Section        0  __dclz77c.o(.text)
    i.BusFault_Handler                       0x08000306   Section        0  stm32f4xx_it.o(i.BusFault_Handler)
    i.CUSTOM_HID_DeInit_FS                   0x08000308   Section        0  usbd_custom_hid_if.o(i.CUSTOM_HID_DeInit_FS)
    CUSTOM_HID_DeInit_FS                     0x08000309   Thumb Code     4  usbd_custom_hid_if.o(i.CUSTOM_HID_DeInit_FS)
    i.CUSTOM_HID_GetReport_FS                0x0800030c   Section        0  usbd_custom_hid_if.o(i.CUSTOM_HID_GetReport_FS)
    CUSTOM_HID_GetReport_FS                  0x0800030d   Thumb Code    44  usbd_custom_hid_if.o(i.CUSTOM_HID_GetReport_FS)
    i.CUSTOM_HID_Init_FS                     0x08000354   Section        0  usbd_custom_hid_if.o(i.CUSTOM_HID_Init_FS)
    CUSTOM_HID_Init_FS                       0x08000355   Thumb Code     4  usbd_custom_hid_if.o(i.CUSTOM_HID_Init_FS)
    i.CUSTOM_HID_OutEvent_FS                 0x08000358   Section        0  usbd_custom_hid_if.o(i.CUSTOM_HID_OutEvent_FS)
    CUSTOM_HID_OutEvent_FS                   0x08000359   Thumb Code   142  usbd_custom_hid_if.o(i.CUSTOM_HID_OutEvent_FS)
    i.DebugMon_Handler                       0x080004c4   Section        0  stm32f4xx_it.o(i.DebugMon_Handler)
    i.Error_Handler                          0x080004c6   Section        0  main.o(i.Error_Handler)
    i.HAL_Delay                              0x080004cc   Section        0  stm32f4xx_hal.o(i.HAL_Delay)
    i.HAL_GPIO_Init                          0x080004f0   Section        0  stm32f4xx_hal_gpio.o(i.HAL_GPIO_Init)
    i.HAL_GetTick                            0x080006e0   Section        0  stm32f4xx_hal.o(i.HAL_GetTick)
    i.HAL_IncTick                            0x080006ec   Section        0  stm32f4xx_hal.o(i.HAL_IncTick)
    i.HAL_Init                               0x080006fc   Section        0  stm32f4xx_hal.o(i.HAL_Init)
    i.HAL_InitTick                           0x08000730   Section        0  stm32f4xx_hal.o(i.HAL_InitTick)
    i.HAL_MspInit                            0x08000770   Section        0  stm32f4xx_hal_msp.o(i.HAL_MspInit)
    i.HAL_NVIC_EnableIRQ                     0x080007a0   Section        0  stm32f4xx_hal_cortex.o(i.HAL_NVIC_EnableIRQ)
    i.HAL_NVIC_SetPriority                   0x080007bc   Section        0  stm32f4xx_hal_cortex.o(i.HAL_NVIC_SetPriority)
    i.HAL_NVIC_SetPriorityGrouping           0x080007fc   Section        0  stm32f4xx_hal_cortex.o(i.HAL_NVIC_SetPriorityGrouping)
    i.HAL_PCDEx_LPM_Callback                 0x08000820   Section        0  stm32f4xx_hal_pcd_ex.o(i.HAL_PCDEx_LPM_Callback)
    i.HAL_PCDEx_SetRxFiFo                    0x08000822   Section        0  stm32f4xx_hal_pcd_ex.o(i.HAL_PCDEx_SetRxFiFo)
    i.HAL_PCDEx_SetTxFiFo                    0x0800082a   Section        0  stm32f4xx_hal_pcd_ex.o(i.HAL_PCDEx_SetTxFiFo)
    i.HAL_PCD_ConnectCallback                0x0800086e   Section        0  usbd_conf.o(i.HAL_PCD_ConnectCallback)
    i.HAL_PCD_DataInStageCallback            0x08000876   Section        0  usbd_conf.o(i.HAL_PCD_DataInStageCallback)
    i.HAL_PCD_DataOutStageCallback           0x08000888   Section        0  usbd_conf.o(i.HAL_PCD_DataOutStageCallback)
    i.HAL_PCD_DisconnectCallback             0x0800089c   Section        0  usbd_conf.o(i.HAL_PCD_DisconnectCallback)
    i.HAL_PCD_EP_Abort                       0x080008a4   Section        0  stm32f4xx_hal_pcd.o(i.HAL_PCD_EP_Abort)
    i.HAL_PCD_EP_Close                       0x080008c2   Section        0  stm32f4xx_hal_pcd.o(i.HAL_PCD_EP_Close)
    i.HAL_PCD_EP_ClrStall                    0x0800090c   Section        0  stm32f4xx_hal_pcd.o(i.HAL_PCD_EP_ClrStall)
    i.HAL_PCD_EP_Open                        0x08000966   Section        0  stm32f4xx_hal_pcd.o(i.HAL_PCD_EP_Open)
    i.HAL_PCD_EP_Receive                     0x080009c8   Section        0  stm32f4xx_hal_pcd.o(i.HAL_PCD_EP_Receive)
    i.HAL_PCD_EP_SetStall                    0x08000a00   Section        0  stm32f4xx_hal_pcd.o(i.HAL_PCD_EP_SetStall)
    i.HAL_PCD_EP_Transmit                    0x08000a72   Section        0  stm32f4xx_hal_pcd.o(i.HAL_PCD_EP_Transmit)
    i.HAL_PCD_IRQHandler                     0x08000aa4   Section        0  stm32f4xx_hal_pcd.o(i.HAL_PCD_IRQHandler)
    i.HAL_PCD_ISOINIncompleteCallback        0x08001000   Section        0  usbd_conf.o(i.HAL_PCD_ISOINIncompleteCallback)
    i.HAL_PCD_ISOOUTIncompleteCallback       0x08001008   Section        0  usbd_conf.o(i.HAL_PCD_ISOOUTIncompleteCallback)
    i.HAL_PCD_Init                           0x08001010   Section        0  stm32f4xx_hal_pcd.o(i.HAL_PCD_Init)
    i.HAL_PCD_MspInit                        0x080010dc   Section        0  usbd_conf.o(i.HAL_PCD_MspInit)
    i.HAL_PCD_ResetCallback                  0x08001160   Section        0  usbd_conf.o(i.HAL_PCD_ResetCallback)
    i.HAL_PCD_ResumeCallback                 0x0800118c   Section        0  usbd_conf.o(i.HAL_PCD_ResumeCallback)
    i.HAL_PCD_SOFCallback                    0x08001194   Section        0  usbd_conf.o(i.HAL_PCD_SOFCallback)
    i.HAL_PCD_SetAddress                     0x0800119c   Section        0  stm32f4xx_hal_pcd.o(i.HAL_PCD_SetAddress)
    i.HAL_PCD_SetupStageCallback             0x080011c2   Section        0  usbd_conf.o(i.HAL_PCD_SetupStageCallback)
    i.HAL_PCD_Start                          0x080011d0   Section        0  stm32f4xx_hal_pcd.o(i.HAL_PCD_Start)
    i.HAL_PCD_SuspendCallback                0x08001214   Section        0  usbd_conf.o(i.HAL_PCD_SuspendCallback)
    i.HAL_RCC_ClockConfig                    0x08001244   Section        0  stm32f4xx_hal_rcc.o(i.HAL_RCC_ClockConfig)
    i.HAL_RCC_GetHCLKFreq                    0x08001378   Section        0  stm32f4xx_hal_rcc.o(i.HAL_RCC_GetHCLKFreq)
    i.HAL_RCC_GetPCLK1Freq                   0x08001384   Section        0  stm32f4xx_hal_rcc.o(i.HAL_RCC_GetPCLK1Freq)
    i.HAL_RCC_GetPCLK2Freq                   0x080013a4   Section        0  stm32f4xx_hal_rcc.o(i.HAL_RCC_GetPCLK2Freq)
    i.HAL_RCC_GetSysClockFreq                0x080013c4   Section        0  stm32f4xx_hal_rcc.o(i.HAL_RCC_GetSysClockFreq)
    i.HAL_RCC_OscConfig                      0x08001424   Section        0  stm32f4xx_hal_rcc.o(i.HAL_RCC_OscConfig)
    i.HAL_SYSTICK_Config                     0x08001790   Section        0  stm32f4xx_hal_cortex.o(i.HAL_SYSTICK_Config)
    i.HAL_UART_Init                          0x080017b8   Section        0  stm32f4xx_hal_uart.o(i.HAL_UART_Init)
    i.HAL_UART_MspInit                       0x0800181c   Section        0  usart.o(i.HAL_UART_MspInit)
    i.HAL_UART_Transmit                      0x080018c8   Section        0  stm32f4xx_hal_uart.o(i.HAL_UART_Transmit)
    i.HardFault_Handler                      0x08001968   Section        0  stm32f4xx_it.o(i.HardFault_Handler)
    i.IntToUnicode                           0x0800196c   Section        0  usbd_desc.o(i.IntToUnicode)
    IntToUnicode                             0x0800196d   Thumb Code    56  usbd_desc.o(i.IntToUnicode)
    i.MX_GPIO_Init                           0x080019a4   Section        0  gpio.o(i.MX_GPIO_Init)
    i.MX_UART4_Init                          0x080019e0   Section        0  usart.o(i.MX_UART4_Init)
    i.MX_USART3_UART_Init                    0x08001a18   Section        0  usart.o(i.MX_USART3_UART_Init)
    i.MX_USB_DEVICE_Init                     0x08001a50   Section        0  usb_device.o(i.MX_USB_DEVICE_Init)
    i.MemManage_Handler                      0x08001aa4   Section        0  stm32f4xx_it.o(i.MemManage_Handler)
    i.NMI_Handler                            0x08001aa6   Section        0  stm32f4xx_it.o(i.NMI_Handler)
    i.OTG_FS_IRQHandler                      0x08001aa8   Section        0  stm32f4xx_it.o(i.OTG_FS_IRQHandler)
    i.PCD_EP_OutXfrComplete_int              0x08001ab4   Section        0  stm32f4xx_hal_pcd.o(i.PCD_EP_OutXfrComplete_int)
    PCD_EP_OutXfrComplete_int                0x08001ab5   Thumb Code   196  stm32f4xx_hal_pcd.o(i.PCD_EP_OutXfrComplete_int)
    i.PCD_WriteEmptyTxFifo                   0x08001b80   Section        0  stm32f4xx_hal_pcd.o(i.PCD_WriteEmptyTxFifo)
    PCD_WriteEmptyTxFifo                     0x08001b81   Thumb Code   162  stm32f4xx_hal_pcd.o(i.PCD_WriteEmptyTxFifo)
    i.PendSV_Handler                         0x08001c22   Section        0  stm32f4xx_it.o(i.PendSV_Handler)
    i.SVC_Handler                            0x08001c24   Section        0  stm32f4xx_it.o(i.SVC_Handler)
    i.SWAPBYTE                               0x08001c26   Section        0  usbd_ctlreq.o(i.SWAPBYTE)
    SWAPBYTE                                 0x08001c27   Thumb Code    10  usbd_ctlreq.o(i.SWAPBYTE)
    i.SysTick_Handler                        0x08001c30   Section        0  stm32f4xx_it.o(i.SysTick_Handler)
    i.SystemClock_Config                     0x08001c34   Section        0  main.o(i.SystemClock_Config)
    i.SystemInit                             0x08001cc4   Section        0  system_stm32f4xx.o(i.SystemInit)
    i.UART_EndRxTransfer                     0x08001cd4   Section        0  stm32f4xx_hal_uart.o(i.UART_EndRxTransfer)
    UART_EndRxTransfer                       0x08001cd5   Thumb Code    78  stm32f4xx_hal_uart.o(i.UART_EndRxTransfer)
    i.UART_SetConfig                         0x08001d24   Section        0  stm32f4xx_hal_uart.o(i.UART_SetConfig)
    UART_SetConfig                           0x08001d25   Thumb Code   258  stm32f4xx_hal_uart.o(i.UART_SetConfig)
    i.UART_WaitOnFlagUntilTimeout            0x08001e30   Section        0  stm32f4xx_hal_uart.o(i.UART_WaitOnFlagUntilTimeout)
    UART_WaitOnFlagUntilTimeout              0x08001e31   Thumb Code   114  stm32f4xx_hal_uart.o(i.UART_WaitOnFlagUntilTimeout)
    i.USBD_CUSTOM_HID_DataIn                 0x08001ea2   Section        0  usbd_customhid.o(i.USBD_CUSTOM_HID_DataIn)
    USBD_CUSTOM_HID_DataIn                   0x08001ea3   Thumb Code    22  usbd_customhid.o(i.USBD_CUSTOM_HID_DataIn)
    i.USBD_CUSTOM_HID_DataOut                0x08001eb8   Section        0  usbd_customhid.o(i.USBD_CUSTOM_HID_DataOut)
    USBD_CUSTOM_HID_DataOut                  0x08001eb9   Thumb Code    36  usbd_customhid.o(i.USBD_CUSTOM_HID_DataOut)
    i.USBD_CUSTOM_HID_DeInit                 0x08001edc   Section        0  usbd_customhid.o(i.USBD_CUSTOM_HID_DeInit)
    USBD_CUSTOM_HID_DeInit                   0x08001edd   Thumb Code   122  usbd_customhid.o(i.USBD_CUSTOM_HID_DeInit)
    i.USBD_CUSTOM_HID_EP0_RxReady            0x08001f5c   Section        0  usbd_customhid.o(i.USBD_CUSTOM_HID_EP0_RxReady)
    USBD_CUSTOM_HID_EP0_RxReady              0x08001f5d   Thumb Code    48  usbd_customhid.o(i.USBD_CUSTOM_HID_EP0_RxReady)
    i.USBD_CUSTOM_HID_GetDeviceQualifierDesc 0x08001f8c   Section        0  usbd_customhid.o(i.USBD_CUSTOM_HID_GetDeviceQualifierDesc)
    USBD_CUSTOM_HID_GetDeviceQualifierDesc   0x08001f8d   Thumb Code     8  usbd_customhid.o(i.USBD_CUSTOM_HID_GetDeviceQualifierDesc)
    i.USBD_CUSTOM_HID_GetFSCfgDesc           0x08001f98   Section        0  usbd_customhid.o(i.USBD_CUSTOM_HID_GetFSCfgDesc)
    USBD_CUSTOM_HID_GetFSCfgDesc             0x08001f99   Thumb Code    46  usbd_customhid.o(i.USBD_CUSTOM_HID_GetFSCfgDesc)
    i.USBD_CUSTOM_HID_GetHSCfgDesc           0x08001fcc   Section        0  usbd_customhid.o(i.USBD_CUSTOM_HID_GetHSCfgDesc)
    USBD_CUSTOM_HID_GetHSCfgDesc             0x08001fcd   Thumb Code    46  usbd_customhid.o(i.USBD_CUSTOM_HID_GetHSCfgDesc)
    i.USBD_CUSTOM_HID_GetOtherSpeedCfgDesc   0x08002000   Section        0  usbd_customhid.o(i.USBD_CUSTOM_HID_GetOtherSpeedCfgDesc)
    USBD_CUSTOM_HID_GetOtherSpeedCfgDesc     0x08002001   Thumb Code    46  usbd_customhid.o(i.USBD_CUSTOM_HID_GetOtherSpeedCfgDesc)
    i.USBD_CUSTOM_HID_Init                   0x08002034   Section        0  usbd_customhid.o(i.USBD_CUSTOM_HID_Init)
    USBD_CUSTOM_HID_Init                     0x08002035   Thumb Code   190  usbd_customhid.o(i.USBD_CUSTOM_HID_Init)
    i.USBD_CUSTOM_HID_ReceivePacket          0x080020f8   Section        0  usbd_customhid.o(i.USBD_CUSTOM_HID_ReceivePacket)
    i.USBD_CUSTOM_HID_RegisterInterface      0x08002120   Section        0  usbd_customhid.o(i.USBD_CUSTOM_HID_RegisterInterface)
    i.USBD_CUSTOM_HID_SendReport             0x08002138   Section        0  usbd_customhid.o(i.USBD_CUSTOM_HID_SendReport)
    i.USBD_CUSTOM_HID_Setup                  0x0800217c   Section        0  usbd_customhid.o(i.USBD_CUSTOM_HID_Setup)
    USBD_CUSTOM_HID_Setup                    0x0800217d   Thumb Code   362  usbd_customhid.o(i.USBD_CUSTOM_HID_Setup)
    i.USBD_ClrClassConfig                    0x08002314   Section        0  usbd_core.o(i.USBD_ClrClassConfig)
    i.USBD_CoreFindEP                        0x08002328   Section        0  usbd_core.o(i.USBD_CoreFindEP)
    i.USBD_CoreFindIF                        0x0800232c   Section        0  usbd_core.o(i.USBD_CoreFindIF)
    i.USBD_CtlContinueRx                     0x08002330   Section        0  usbd_ioreq.o(i.USBD_CtlContinueRx)
    i.USBD_CtlContinueSendData               0x08002340   Section        0  usbd_ioreq.o(i.USBD_CtlContinueSendData)
    i.USBD_CtlError                          0x08002350   Section        0  usbd_ctlreq.o(i.USBD_CtlError)
    i.USBD_CtlPrepareRx                      0x08002366   Section        0  usbd_ioreq.o(i.USBD_CtlPrepareRx)
    i.USBD_CtlReceiveStatus                  0x08002388   Section        0  usbd_ioreq.o(i.USBD_CtlReceiveStatus)
    i.USBD_CtlSendData                       0x0800239e   Section        0  usbd_ioreq.o(i.USBD_CtlSendData)
    i.USBD_CtlSendStatus                     0x080023ba   Section        0  usbd_ioreq.o(i.USBD_CtlSendStatus)
    i.USBD_FS_ConfigStrDescriptor            0x080023d0   Section        0  usbd_desc.o(i.USBD_FS_ConfigStrDescriptor)
    i.USBD_FS_DeviceDescriptor               0x080023f8   Section        0  usbd_desc.o(i.USBD_FS_DeviceDescriptor)
    i.USBD_FS_InterfaceStrDescriptor         0x08002404   Section        0  usbd_desc.o(i.USBD_FS_InterfaceStrDescriptor)
    i.USBD_FS_LangIDStrDescriptor            0x08002430   Section        0  usbd_desc.o(i.USBD_FS_LangIDStrDescriptor)
    i.USBD_FS_ManufacturerStrDescriptor      0x0800243c   Section        0  usbd_desc.o(i.USBD_FS_ManufacturerStrDescriptor)
    i.USBD_FS_ProductStrDescriptor           0x08002464   Section        0  usbd_desc.o(i.USBD_FS_ProductStrDescriptor)
    i.USBD_FS_SerialStrDescriptor            0x08002498   Section        0  usbd_desc.o(i.USBD_FS_SerialStrDescriptor)
    i.USBD_GetDescriptor                     0x080024d0   Section        0  usbd_ctlreq.o(i.USBD_GetDescriptor)
    USBD_GetDescriptor                       0x080024d1   Thumb Code   230  usbd_ctlreq.o(i.USBD_GetDescriptor)
    i.USBD_GetEpDesc                         0x080025b6   Section        0  usbd_core.o(i.USBD_GetEpDesc)
    i.USBD_GetLen                            0x080025f0   Section        0  usbd_ctlreq.o(i.USBD_GetLen)
    USBD_GetLen                              0x080025f1   Thumb Code    20  usbd_ctlreq.o(i.USBD_GetLen)
    i.USBD_GetNextDesc                       0x08002604   Section        0  usbd_core.o(i.USBD_GetNextDesc)
    i.USBD_GetString                         0x08002612   Section        0  usbd_ctlreq.o(i.USBD_GetString)
    i.USBD_Get_USB_Status                    0x08002660   Section        0  usbd_conf.o(i.USBD_Get_USB_Status)
    i.USBD_Init                              0x08002678   Section        0  usbd_core.o(i.USBD_Init)
    i.USBD_LL_ClearStallEP                   0x0800269e   Section        0  usbd_conf.o(i.USBD_LL_ClearStallEP)
    i.USBD_LL_CloseEP                        0x080026b0   Section        0  usbd_conf.o(i.USBD_LL_CloseEP)
    i.USBD_LL_DataInStage                    0x080026c2   Section        0  usbd_core.o(i.USBD_LL_DataInStage)
    i.USBD_LL_DataOutStage                   0x0800277a   Section        0  usbd_core.o(i.USBD_LL_DataOutStage)
    i.USBD_LL_DevConnected                   0x0800280e   Section        0  usbd_core.o(i.USBD_LL_DevConnected)
    i.USBD_LL_DevDisconnected                0x08002812   Section        0  usbd_core.o(i.USBD_LL_DevDisconnected)
    i.USBD_LL_Init                           0x08002830   Section        0  usbd_conf.o(i.USBD_LL_Init)
    i.USBD_LL_IsStallEP                      0x08002890   Section        0  usbd_conf.o(i.USBD_LL_IsStallEP)
    i.USBD_LL_IsoINIncomplete                0x080028ae   Section        0  usbd_core.o(i.USBD_LL_IsoINIncomplete)
    i.USBD_LL_IsoOUTIncomplete               0x080028d6   Section        0  usbd_core.o(i.USBD_LL_IsoOUTIncomplete)
    i.USBD_LL_OpenEP                         0x080028fe   Section        0  usbd_conf.o(i.USBD_LL_OpenEP)
    i.USBD_LL_PrepareReceive                 0x08002916   Section        0  usbd_conf.o(i.USBD_LL_PrepareReceive)
    i.USBD_LL_Reset                          0x08002928   Section        0  usbd_core.o(i.USBD_LL_Reset)
    i.USBD_LL_Resume                         0x08002986   Section        0  usbd_core.o(i.USBD_LL_Resume)
    i.USBD_LL_SOF                            0x0800299a   Section        0  usbd_core.o(i.USBD_LL_SOF)
    i.USBD_LL_SetSpeed                       0x080029b4   Section        0  usbd_core.o(i.USBD_LL_SetSpeed)
    i.USBD_LL_SetUSBAddress                  0x080029ba   Section        0  usbd_conf.o(i.USBD_LL_SetUSBAddress)
    i.USBD_LL_SetupStage                     0x080029cc   Section        0  usbd_core.o(i.USBD_LL_SetupStage)
    i.USBD_LL_StallEP                        0x08002a2c   Section        0  usbd_conf.o(i.USBD_LL_StallEP)
    i.USBD_LL_Start                          0x08002a3e   Section        0  usbd_conf.o(i.USBD_LL_Start)
    i.USBD_LL_Suspend                        0x08002a50   Section        0  usbd_core.o(i.USBD_LL_Suspend)
    i.USBD_LL_Transmit                       0x08002a6a   Section        0  usbd_conf.o(i.USBD_LL_Transmit)
    i.USBD_ParseSetupRequest                 0x08002a7c   Section        0  usbd_ctlreq.o(i.USBD_ParseSetupRequest)
    i.USBD_RegisterClass                     0x08002aa8   Section        0  usbd_core.o(i.USBD_RegisterClass)
    i.USBD_SetClassConfig                    0x08002ae2   Section        0  usbd_core.o(i.USBD_SetClassConfig)
    i.USBD_SetConfig                         0x08002af8   Section        0  usbd_ctlreq.o(i.USBD_SetConfig)
    USBD_SetConfig                           0x08002af9   Thumb Code   180  usbd_ctlreq.o(i.USBD_SetConfig)
    i.USBD_Start                             0x08002bb0   Section        0  usbd_core.o(i.USBD_Start)
    i.USBD_StdDevReq                         0x08002bb4   Section        0  usbd_ctlreq.o(i.USBD_StdDevReq)
    i.USBD_StdEPReq                          0x08002ce0   Section        0  usbd_ctlreq.o(i.USBD_StdEPReq)
    i.USBD_StdItfReq                         0x08002e46   Section        0  usbd_ctlreq.o(i.USBD_StdItfReq)
    i.USBD_static_free                       0x08002eb8   Section        0  usbd_conf.o(i.USBD_static_free)
    i.USBD_static_malloc                     0x08002ebc   Section        0  usbd_conf.o(i.USBD_static_malloc)
    i.USB_ActivateEndpoint                   0x08002ec4   Section        0  stm32f4xx_ll_usb.o(i.USB_ActivateEndpoint)
    i.USB_ActivateSetup                      0x08002f44   Section        0  stm32f4xx_ll_usb.o(i.USB_ActivateSetup)
    i.USB_CoreInit                           0x08002f60   Section        0  stm32f4xx_ll_usb.o(i.USB_CoreInit)
    i.USB_CoreReset                          0x08002fe4   Section        0  stm32f4xx_ll_usb.o(i.USB_CoreReset)
    USB_CoreReset                            0x08002fe5   Thumb Code    68  stm32f4xx_ll_usb.o(i.USB_CoreReset)
    i.USB_DeactivateEndpoint                 0x08003028   Section        0  stm32f4xx_ll_usb.o(i.USB_DeactivateEndpoint)
    i.USB_DevConnect                         0x080030f4   Section        0  stm32f4xx_ll_usb.o(i.USB_DevConnect)
    i.USB_DevDisconnect                      0x08003110   Section        0  stm32f4xx_ll_usb.o(i.USB_DevDisconnect)
    i.USB_DevInit                            0x0800312c   Section        0  stm32f4xx_ll_usb.o(i.USB_DevInit)
    i.USB_DisableGlobalInt                   0x080032a8   Section        0  stm32f4xx_ll_usb.o(i.USB_DisableGlobalInt)
    i.USB_EP0_OutStart                       0x080032b4   Section        0  stm32f4xx_ll_usb.o(i.USB_EP0_OutStart)
    i.USB_EPClearStall                       0x0800330c   Section        0  stm32f4xx_ll_usb.o(i.USB_EPClearStall)
    i.USB_EPSetStall                         0x08003364   Section        0  stm32f4xx_ll_usb.o(i.USB_EPSetStall)
    i.USB_EPStartXfer                        0x080033bc   Section        0  stm32f4xx_ll_usb.o(i.USB_EPStartXfer)
    i.USB_EPStopXfer                         0x080035f4   Section        0  stm32f4xx_ll_usb.o(i.USB_EPStopXfer)
    i.USB_EnableGlobalInt                    0x08003692   Section        0  stm32f4xx_ll_usb.o(i.USB_EnableGlobalInt)
    i.USB_FlushRxFifo                        0x0800369e   Section        0  stm32f4xx_ll_usb.o(i.USB_FlushRxFifo)
    i.USB_FlushTxFifo                        0x080036d6   Section        0  stm32f4xx_ll_usb.o(i.USB_FlushTxFifo)
    i.USB_GetDevSpeed                        0x08003712   Section        0  stm32f4xx_ll_usb.o(i.USB_GetDevSpeed)
    i.USB_GetMode                            0x0800372c   Section        0  stm32f4xx_ll_usb.o(i.USB_GetMode)
    i.USB_ReadDevAllInEpInterrupt            0x08003734   Section        0  stm32f4xx_ll_usb.o(i.USB_ReadDevAllInEpInterrupt)
    i.USB_ReadDevAllOutEpInterrupt           0x08003742   Section        0  stm32f4xx_ll_usb.o(i.USB_ReadDevAllOutEpInterrupt)
    i.USB_ReadDevInEPInterrupt               0x08003750   Section        0  stm32f4xx_ll_usb.o(i.USB_ReadDevInEPInterrupt)
    i.USB_ReadDevOutEPInterrupt              0x08003774   Section        0  stm32f4xx_ll_usb.o(i.USB_ReadDevOutEPInterrupt)
    i.USB_ReadInterrupts                     0x08003784   Section        0  stm32f4xx_ll_usb.o(i.USB_ReadInterrupts)
    i.USB_ReadPacket                         0x0800378c   Section        0  stm32f4xx_ll_usb.o(i.USB_ReadPacket)
    i.USB_SetCurrentMode                     0x080037ca   Section        0  stm32f4xx_ll_usb.o(i.USB_SetCurrentMode)
    i.USB_SetDevAddress                      0x08003826   Section        0  stm32f4xx_ll_usb.o(i.USB_SetDevAddress)
    i.USB_SetTurnaroundTime                  0x08003848   Section        0  stm32f4xx_ll_usb.o(i.USB_SetTurnaroundTime)
    i.USB_WritePacket                        0x08003930   Section        0  stm32f4xx_ll_usb.o(i.USB_WritePacket)
    i.UsageFault_Handler                     0x08003958   Section        0  stm32f4xx_it.o(i.UsageFault_Handler)
    i.__0printf$8                            0x0800395c   Section        0  printf8.o(i.__0printf$8)
    i.__NVIC_SetPriority                     0x0800397c   Section        0  stm32f4xx_hal_cortex.o(i.__NVIC_SetPriority)
    __NVIC_SetPriority                       0x0800397d   Thumb Code    32  stm32f4xx_hal_cortex.o(i.__NVIC_SetPriority)
    i.__scatterload_copy                     0x0800399c   Section       14  handlers.o(i.__scatterload_copy)
    i.__scatterload_null                     0x080039aa   Section        2  handlers.o(i.__scatterload_null)
    i.__scatterload_zeroinit                 0x080039ac   Section       14  handlers.o(i.__scatterload_zeroinit)
    i._printf_core                           0x080039bc   Section        0  printf8.o(i._printf_core)
    _printf_core                             0x080039bd   Thumb Code   996  printf8.o(i._printf_core)
    i._printf_post_padding                   0x08003dcc   Section        0  printf8.o(i._printf_post_padding)
    _printf_post_padding                     0x08003dcd   Thumb Code    36  printf8.o(i._printf_post_padding)
    i._printf_pre_padding                    0x08003df0   Section        0  printf8.o(i._printf_pre_padding)
    _printf_pre_padding                      0x08003df1   Thumb Code    46  printf8.o(i._printf_pre_padding)
    i.fputc                                  0x08003e20   Section        0  usart.o(i.fputc)
    i.main                                   0x08003e38   Section        0  main.o(i.main)
    .constdata                               0x08003ea4   Section       16  system_stm32f4xx.o(.constdata)
    .constdata                               0x08003eb4   Section        8  system_stm32f4xx.o(.constdata)
    .data                                    0x20000000   Section       16  main.o(.data)
    last_tick                                0x20000000   Data           4  main.o(.data)
    .data                                    0x20000010   Section       28  usbd_desc.o(.data)
    .data                                    0x2000002c   Section       50  usbd_desc.o(.data)
    .data                                    0x2000005e   Section       11  usbd_custom_hid_if.o(.data)
    next_block                               0x2000005e   Data           1  usbd_custom_hid_if.o(.data)
    block_load_buf                           0x2000005f   Data           4  usbd_custom_hid_if.o(.data)
    pool_report_buf                          0x20000063   Data           6  usbd_custom_hid_if.o(.data)
    .data                                    0x2000006c   Section     1196  usbd_custom_hid_if.o(.data)
    CUSTOM_HID_ReportDesc_FS                 0x2000006c   Data        1196  usbd_custom_hid_if.o(.data)
    .data                                    0x20000518   Section       20  usbd_custom_hid_if.o(.data)
    .data                                    0x2000052c   Section       12  stm32f4xx_hal.o(.data)
    .data                                    0x20000538   Section        4  system_stm32f4xx.o(.data)
    .data                                    0x2000053c   Section        1  usbd_ctlreq.o(.data)
    cfgidx                                   0x2000053c   Data           1  usbd_ctlreq.o(.data)
    .data                                    0x20000540   Section       56  usbd_customhid.o(.data)
    .data                                    0x20000578   Section       70  usbd_customhid.o(.data)
    CUSTOMHIDInEpAdd                         0x20000578   Data           1  usbd_customhid.o(.data)
    CUSTOMHIDOutEpAdd                        0x20000579   Data           1  usbd_customhid.o(.data)
    USBD_CUSTOM_HID_CfgDesc                  0x2000057c   Data          41  usbd_customhid.o(.data)
    USBD_CUSTOM_HID_Desc                     0x200005a8   Data           9  usbd_customhid.o(.data)
    USBD_CUSTOM_HID_DeviceQualifierDesc      0x200005b4   Data          10  usbd_customhid.o(.data)
    .data                                    0x200005c0   Section        4  stdout.o(.data)
    .bss                                     0x200005c4   Section      144  usart.o(.bss)
    .bss                                     0x20000654   Section      732  usb_device.o(.bss)
    .bss                                     0x20000930   Section      512  usbd_desc.o(.bss)
    .bss                                     0x20000b30   Section     1292  usbd_conf.o(.bss)
    mem                                      0x20000b30   Data          40  usbd_conf.o(.bss)
    STACK                                    0x20001040   Section     1024  startup_stm32f407xx.o(STACK)

    Global Symbols

    Symbol Name                              Value     Ov Type        Size  Object(Section)

    BuildAttributes$$THM_ISAv4$E$P$D$K$B$S$7EM$VFPi3$EXTD16$VFPS$VFMA$PE$A:L22UL41UL21$X:L11$S22US41US21$IEEE1$IW$USESV6$~STKCKD$USESV7$~SHL$OSPACE$ROPI$EBA8$MICROLIB$REQ8$PRES8$EABIv2 0x00000000   Number         0  anon$$obj.o ABSOLUTE
    __ARM_use_no_argv                        0x00000000   Number         0  main.o ABSOLUTE
    _printf_a                                0x00000000   Number         0  stubs.o ABSOLUTE
    _printf_c                                0x00000000   Number         0  stubs.o ABSOLUTE
    _printf_charcount                        0x00000000   Number         0  stubs.o ABSOLUTE
    _printf_d                                0x00000000   Number         0  stubs.o ABSOLUTE
    _printf_e                                0x00000000   Number         0  stubs.o ABSOLUTE
    _printf_f                                0x00000000   Number         0  stubs.o ABSOLUTE
    _printf_flags                            0x00000000   Number         0  stubs.o ABSOLUTE
    _printf_fp_dec                           0x00000000   Number         0  stubs.o ABSOLUTE
    _printf_fp_hex                           0x00000000   Number         0  stubs.o ABSOLUTE
    _printf_g                                0x00000000   Number         0  stubs.o ABSOLUTE
    _printf_i                                0x00000000   Number         0  stubs.o ABSOLUTE
    _printf_int_dec                          0x00000000   Number         0  stubs.o ABSOLUTE
    _printf_l                                0x00000000   Number         0  stubs.o ABSOLUTE
    _printf_lc                               0x00000000   Number         0  stubs.o ABSOLUTE
    _printf_ll                               0x00000000   Number         0  stubs.o ABSOLUTE
    _printf_lld                              0x00000000   Number         0  stubs.o ABSOLUTE
    _printf_lli                              0x00000000   Number         0  stubs.o ABSOLUTE
    _printf_llo                              0x00000000   Number         0  stubs.o ABSOLUTE
    _printf_llu                              0x00000000   Number         0  stubs.o ABSOLUTE
    _printf_llx                              0x00000000   Number         0  stubs.o ABSOLUTE
    _printf_longlong_dec                     0x00000000   Number         0  stubs.o ABSOLUTE
    _printf_longlong_hex                     0x00000000   Number         0  stubs.o ABSOLUTE
    _printf_longlong_oct                     0x00000000   Number         0  stubs.o ABSOLUTE
    _printf_ls                               0x00000000   Number         0  stubs.o ABSOLUTE
    _printf_mbtowc                           0x00000000   Number         0  stubs.o ABSOLUTE
    _printf_n                                0x00000000   Number         0  stubs.o ABSOLUTE
    _printf_o                                0x00000000   Number         0  stubs.o ABSOLUTE
    _printf_p                                0x00000000   Number         0  stubs.o ABSOLUTE
    _printf_percent                          0x00000000   Number         0  stubs.o ABSOLUTE
    _printf_pre_padding                      0x00000000   Number         0  stubs.o ABSOLUTE
    _printf_return_value                     0x00000000   Number         0  stubs.o ABSOLUTE
    _printf_s                                0x00000000   Number         0  stubs.o ABSOLUTE
    _printf_sizespec                         0x00000000   Number         0  stubs.o ABSOLUTE
    _printf_str                              0x00000000   Number         0  stubs.o ABSOLUTE
    _printf_truncate_signed                  0x00000000   Number         0  stubs.o ABSOLUTE
    _printf_truncate_unsigned                0x00000000   Number         0  stubs.o ABSOLUTE
    _printf_u                                0x00000000   Number         0  stubs.o ABSOLUTE
    _printf_wc                               0x00000000   Number         0  stubs.o ABSOLUTE
    _printf_wctomb                           0x00000000   Number         0  stubs.o ABSOLUTE
    _printf_widthprec                        0x00000000   Number         0  stubs.o ABSOLUTE
    _printf_x                                0x00000000   Number         0  stubs.o ABSOLUTE
    __cpp_initialize__aeabi_                  - Undefined Weak Reference
    __cxa_finalize                            - Undefined Weak Reference
    _clock_init                               - Undefined Weak Reference
    _microlib_exit                            - Undefined Weak Reference
    __Vectors_Size                           0x00000188   Number         0  startup_stm32f407xx.o ABSOLUTE
    __Vectors                                0x08000000   Data           4  startup_stm32f407xx.o(RESET)
    __Vectors_End                            0x08000188   Data           0  startup_stm32f407xx.o(RESET)
    __main                                   0x08000189   Thumb Code     0  entry.o(.ARM.Collect$$$$00000000)
    _main_stk                                0x08000189   Thumb Code     0  entry2.o(.ARM.Collect$$$$00000001)
    _main_scatterload                        0x0800018d   Thumb Code     0  entry5.o(.ARM.Collect$$$$00000004)
    __main_after_scatterload                 0x08000191   Thumb Code     0  entry5.o(.ARM.Collect$$$$00000004)
    _main_clock                              0x08000191   Thumb Code     0  entry7b.o(.ARM.Collect$$$$00000008)
    _main_cpp_init                           0x08000191   Thumb Code     0  entry8b.o(.ARM.Collect$$$$0000000A)
    _main_init                               0x08000191   Thumb Code     0  entry9a.o(.ARM.Collect$$$$0000000B)
    __rt_final_cpp                           0x08000199   Thumb Code     0  entry10a.o(.ARM.Collect$$$$0000000D)
    __rt_final_exit                          0x08000199   Thumb Code     0  entry11a.o(.ARM.Collect$$$$0000000F)
    Reset_Handler                            0x0800019d   Thumb Code     8  startup_stm32f407xx.o(.text)
    ADC_IRQHandler                           0x080001b7   Thumb Code     0  startup_stm32f407xx.o(.text)
    CAN1_RX0_IRQHandler                      0x080001b7   Thumb Code     0  startup_stm32f407xx.o(.text)
    CAN1_RX1_IRQHandler                      0x080001b7   Thumb Code     0  startup_stm32f407xx.o(.text)
    CAN1_SCE_IRQHandler                      0x080001b7   Thumb Code     0  startup_stm32f407xx.o(.text)
    CAN1_TX_IRQHandler                       0x080001b7   Thumb Code     0  startup_stm32f407xx.o(.text)
    CAN2_RX0_IRQHandler                      0x080001b7   Thumb Code     0  startup_stm32f407xx.o(.text)
    CAN2_RX1_IRQHandler                      0x080001b7   Thumb Code     0  startup_stm32f407xx.o(.text)
    CAN2_SCE_IRQHandler                      0x080001b7   Thumb Code     0  startup_stm32f407xx.o(.text)
    CAN2_TX_IRQHandler                       0x080001b7   Thumb Code     0  startup_stm32f407xx.o(.text)
    DCMI_IRQHandler                          0x080001b7   Thumb Code     0  startup_stm32f407xx.o(.text)
    DMA1_Stream0_IRQHandler                  0x080001b7   Thumb Code     0  startup_stm32f407xx.o(.text)
    DMA1_Stream1_IRQHandler                  0x080001b7   Thumb Code     0  startup_stm32f407xx.o(.text)
    DMA1_Stream2_IRQHandler                  0x080001b7   Thumb Code     0  startup_stm32f407xx.o(.text)
    DMA1_Stream3_IRQHandler                  0x080001b7   Thumb Code     0  startup_stm32f407xx.o(.text)
    DMA1_Stream4_IRQHandler                  0x080001b7   Thumb Code     0  startup_stm32f407xx.o(.text)
    DMA1_Stream5_IRQHandler                  0x080001b7   Thumb Code     0  startup_stm32f407xx.o(.text)
    DMA1_Stream6_IRQHandler                  0x080001b7   Thumb Code     0  startup_stm32f407xx.o(.text)
    DMA1_Stream7_IRQHandler                  0x080001b7   Thumb Code     0  startup_stm32f407xx.o(.text)
    DMA2_Stream0_IRQHandler                  0x080001b7   Thumb Code     0  startup_stm32f407xx.o(.text)
    DMA2_Stream1_IRQHandler                  0x080001b7   Thumb Code     0  startup_stm32f407xx.o(.text)
    DMA2_Stream2_IRQHandler                  0x080001b7   Thumb Code     0  startup_stm32f407xx.o(.text)
    DMA2_Stream3_IRQHandler                  0x080001b7   Thumb Code     0  startup_stm32f407xx.o(.text)
    DMA2_Stream4_IRQHandler                  0x080001b7   Thumb Code     0  startup_stm32f407xx.o(.text)
    DMA2_Stream5_IRQHandler                  0x080001b7   Thumb Code     0  startup_stm32f407xx.o(.text)
    DMA2_Stream6_IRQHandler                  0x080001b7   Thumb Code     0  startup_stm32f407xx.o(.text)
    DMA2_Stream7_IRQHandler                  0x080001b7   Thumb Code     0  startup_stm32f407xx.o(.text)
    ETH_IRQHandler                           0x080001b7   Thumb Code     0  startup_stm32f407xx.o(.text)
    ETH_WKUP_IRQHandler                      0x080001b7   Thumb Code     0  startup_stm32f407xx.o(.text)
    EXTI0_IRQHandler                         0x080001b7   Thumb Code     0  startup_stm32f407xx.o(.text)
    EXTI15_10_IRQHandler                     0x080001b7   Thumb Code     0  startup_stm32f407xx.o(.text)
    EXTI1_IRQHandler                         0x080001b7   Thumb Code     0  startup_stm32f407xx.o(.text)
    EXTI2_IRQHandler                         0x080001b7   Thumb Code     0  startup_stm32f407xx.o(.text)
    EXTI3_IRQHandler                         0x080001b7   Thumb Code     0  startup_stm32f407xx.o(.text)
    EXTI4_IRQHandler                         0x080001b7   Thumb Code     0  startup_stm32f407xx.o(.text)
    EXTI9_5_IRQHandler                       0x080001b7   Thumb Code     0  startup_stm32f407xx.o(.text)
    FLASH_IRQHandler                         0x080001b7   Thumb Code     0  startup_stm32f407xx.o(.text)
    FMC_IRQHandler                           0x080001b7   Thumb Code     0  startup_stm32f407xx.o(.text)
    FPU_IRQHandler                           0x080001b7   Thumb Code     0  startup_stm32f407xx.o(.text)
    HASH_RNG_IRQHandler                      0x080001b7   Thumb Code     0  startup_stm32f407xx.o(.text)
    I2C1_ER_IRQHandler                       0x080001b7   Thumb Code     0  startup_stm32f407xx.o(.text)
    I2C1_EV_IRQHandler                       0x080001b7   Thumb Code     0  startup_stm32f407xx.o(.text)
    I2C2_ER_IRQHandler                       0x080001b7   Thumb Code     0  startup_stm32f407xx.o(.text)
    I2C2_EV_IRQHandler                       0x080001b7   Thumb Code     0  startup_stm32f407xx.o(.text)
    I2C3_ER_IRQHandler                       0x080001b7   Thumb Code     0  startup_stm32f407xx.o(.text)
    I2C3_EV_IRQHandler                       0x080001b7   Thumb Code     0  startup_stm32f407xx.o(.text)
    OTG_FS_WKUP_IRQHandler                   0x080001b7   Thumb Code     0  startup_stm32f407xx.o(.text)
    OTG_HS_EP1_IN_IRQHandler                 0x080001b7   Thumb Code     0  startup_stm32f407xx.o(.text)
    OTG_HS_EP1_OUT_IRQHandler                0x080001b7   Thumb Code     0  startup_stm32f407xx.o(.text)
    OTG_HS_IRQHandler                        0x080001b7   Thumb Code     0  startup_stm32f407xx.o(.text)
    OTG_HS_WKUP_IRQHandler                   0x080001b7   Thumb Code     0  startup_stm32f407xx.o(.text)
    PVD_IRQHandler                           0x080001b7   Thumb Code     0  startup_stm32f407xx.o(.text)
    RCC_IRQHandler                           0x080001b7   Thumb Code     0  startup_stm32f407xx.o(.text)
    RTC_Alarm_IRQHandler                     0x080001b7   Thumb Code     0  startup_stm32f407xx.o(.text)
    RTC_WKUP_IRQHandler                      0x080001b7   Thumb Code     0  startup_stm32f407xx.o(.text)
    SDIO_IRQHandler                          0x080001b7   Thumb Code     0  startup_stm32f407xx.o(.text)
    SPI1_IRQHandler                          0x080001b7   Thumb Code     0  startup_stm32f407xx.o(.text)
    SPI2_IRQHandler                          0x080001b7   Thumb Code     0  startup_stm32f407xx.o(.text)
    SPI3_IRQHandler                          0x080001b7   Thumb Code     0  startup_stm32f407xx.o(.text)
    TAMP_STAMP_IRQHandler                    0x080001b7   Thumb Code     0  startup_stm32f407xx.o(.text)
    TIM1_BRK_TIM9_IRQHandler                 0x080001b7   Thumb Code     0  startup_stm32f407xx.o(.text)
    TIM1_CC_IRQHandler                       0x080001b7   Thumb Code     0  startup_stm32f407xx.o(.text)
    TIM1_TRG_COM_TIM11_IRQHandler            0x080001b7   Thumb Code     0  startup_stm32f407xx.o(.text)
    TIM1_UP_TIM10_IRQHandler                 0x080001b7   Thumb Code     0  startup_stm32f407xx.o(.text)
    TIM2_IRQHandler                          0x080001b7   Thumb Code     0  startup_stm32f407xx.o(.text)
    TIM3_IRQHandler                          0x080001b7   Thumb Code     0  startup_stm32f407xx.o(.text)
    TIM4_IRQHandler                          0x080001b7   Thumb Code     0  startup_stm32f407xx.o(.text)
    TIM5_IRQHandler                          0x080001b7   Thumb Code     0  startup_stm32f407xx.o(.text)
    TIM6_DAC_IRQHandler                      0x080001b7   Thumb Code     0  startup_stm32f407xx.o(.text)
    TIM7_IRQHandler                          0x080001b7   Thumb Code     0  startup_stm32f407xx.o(.text)
    TIM8_BRK_TIM12_IRQHandler                0x080001b7   Thumb Code     0  startup_stm32f407xx.o(.text)
    TIM8_CC_IRQHandler                       0x080001b7   Thumb Code     0  startup_stm32f407xx.o(.text)
    TIM8_TRG_COM_TIM14_IRQHandler            0x080001b7   Thumb Code     0  startup_stm32f407xx.o(.text)
    TIM8_UP_TIM13_IRQHandler                 0x080001b7   Thumb Code     0  startup_stm32f407xx.o(.text)
    UART4_IRQHandler                         0x080001b7   Thumb Code     0  startup_stm32f407xx.o(.text)
    UART5_IRQHandler                         0x080001b7   Thumb Code     0  startup_stm32f407xx.o(.text)
    USART1_IRQHandler                        0x080001b7   Thumb Code     0  startup_stm32f407xx.o(.text)
    USART2_IRQHandler                        0x080001b7   Thumb Code     0  startup_stm32f407xx.o(.text)
    USART3_IRQHandler                        0x080001b7   Thumb Code     0  startup_stm32f407xx.o(.text)
    USART6_IRQHandler                        0x080001b7   Thumb Code     0  startup_stm32f407xx.o(.text)
    WWDG_IRQHandler                          0x080001b7   Thumb Code     0  startup_stm32f407xx.o(.text)
    __aeabi_uldivmod                         0x080001c1   Thumb Code    98  uldiv.o(.text)
    __aeabi_memset                           0x08000223   Thumb Code    14  memseta.o(.text)
    __aeabi_memset4                          0x08000223   Thumb Code     0  memseta.o(.text)
    __aeabi_memset8                          0x08000223   Thumb Code     0  memseta.o(.text)
    __aeabi_memclr                           0x08000231   Thumb Code     4  memseta.o(.text)
    __aeabi_memclr4                          0x08000231   Thumb Code     0  memseta.o(.text)
    __aeabi_memclr8                          0x08000231   Thumb Code     0  memseta.o(.text)
    _memset$wrapper                          0x08000235   Thumb Code    18  memseta.o(.text)
    __aeabi_llsl                             0x08000247   Thumb Code    30  llshl.o(.text)
    _ll_shift_l                              0x08000247   Thumb Code     0  llshl.o(.text)
    __aeabi_llsr                             0x08000265   Thumb Code    32  llushr.o(.text)
    _ll_ushift_r                             0x08000265   Thumb Code     0  llushr.o(.text)
    __scatterload                            0x08000285   Thumb Code    28  init.o(.text)
    __scatterload_rt2                        0x08000285   Thumb Code     0  init.o(.text)
    __decompress                             0x080002a9   Thumb Code     0  __dclz77c.o(.text)
    __decompress2                            0x080002a9   Thumb Code    94  __dclz77c.o(.text)
    BusFault_Handler                         0x08000307   Thumb Code     2  stm32f4xx_it.o(i.BusFault_Handler)
    DebugMon_Handler                         0x080004c5   Thumb Code     2  stm32f4xx_it.o(i.DebugMon_Handler)
    Error_Handler                            0x080004c7   Thumb Code     4  main.o(i.Error_Handler)
    HAL_Delay                                0x080004cd   Thumb Code    32  stm32f4xx_hal.o(i.HAL_Delay)
    HAL_GPIO_Init                            0x080004f1   Thumb Code   450  stm32f4xx_hal_gpio.o(i.HAL_GPIO_Init)
    HAL_GetTick                              0x080006e1   Thumb Code     6  stm32f4xx_hal.o(i.HAL_GetTick)
    HAL_IncTick                              0x080006ed   Thumb Code    12  stm32f4xx_hal.o(i.HAL_IncTick)
    HAL_Init                                 0x080006fd   Thumb Code    48  stm32f4xx_hal.o(i.HAL_Init)
    HAL_InitTick                             0x08000731   Thumb Code    54  stm32f4xx_hal.o(i.HAL_InitTick)
    HAL_MspInit                              0x08000771   Thumb Code    42  stm32f4xx_hal_msp.o(i.HAL_MspInit)
    HAL_NVIC_EnableIRQ                       0x080007a1   Thumb Code    26  stm32f4xx_hal_cortex.o(i.HAL_NVIC_EnableIRQ)
    HAL_NVIC_SetPriority                     0x080007bd   Thumb Code    60  stm32f4xx_hal_cortex.o(i.HAL_NVIC_SetPriority)
    HAL_NVIC_SetPriorityGrouping             0x080007fd   Thumb Code    26  stm32f4xx_hal_cortex.o(i.HAL_NVIC_SetPriorityGrouping)
    HAL_PCDEx_LPM_Callback                   0x08000821   Thumb Code     2  stm32f4xx_hal_pcd_ex.o(i.HAL_PCDEx_LPM_Callback)
    HAL_PCDEx_SetRxFiFo                      0x08000823   Thumb Code     8  stm32f4xx_hal_pcd_ex.o(i.HAL_PCDEx_SetRxFiFo)
    HAL_PCDEx_SetTxFiFo                      0x0800082b   Thumb Code    68  stm32f4xx_hal_pcd_ex.o(i.HAL_PCDEx_SetTxFiFo)
    HAL_PCD_ConnectCallback                  0x0800086f   Thumb Code     8  usbd_conf.o(i.HAL_PCD_ConnectCallback)
    HAL_PCD_DataInStageCallback              0x08000877   Thumb Code    18  usbd_conf.o(i.HAL_PCD_DataInStageCallback)
    HAL_PCD_DataOutStageCallback             0x08000889   Thumb Code    20  usbd_conf.o(i.HAL_PCD_DataOutStageCallback)
    HAL_PCD_DisconnectCallback               0x0800089d   Thumb Code     8  usbd_conf.o(i.HAL_PCD_DisconnectCallback)
    HAL_PCD_EP_Abort                         0x080008a5   Thumb Code    30  stm32f4xx_hal_pcd.o(i.HAL_PCD_EP_Abort)
    HAL_PCD_EP_Close                         0x080008c3   Thumb Code    74  stm32f4xx_hal_pcd.o(i.HAL_PCD_EP_Close)
    HAL_PCD_EP_ClrStall                      0x0800090d   Thumb Code    90  stm32f4xx_hal_pcd.o(i.HAL_PCD_EP_ClrStall)
    HAL_PCD_EP_Open                          0x08000967   Thumb Code    98  stm32f4xx_hal_pcd.o(i.HAL_PCD_EP_Open)
    HAL_PCD_EP_Receive                       0x080009c9   Thumb Code    56  stm32f4xx_hal_pcd.o(i.HAL_PCD_EP_Receive)
    HAL_PCD_EP_SetStall                      0x08000a01   Thumb Code   114  stm32f4xx_hal_pcd.o(i.HAL_PCD_EP_SetStall)
    HAL_PCD_EP_Transmit                      0x08000a73   Thumb Code    50  stm32f4xx_hal_pcd.o(i.HAL_PCD_EP_Transmit)
    HAL_PCD_IRQHandler                       0x08000aa5   Thumb Code  1372  stm32f4xx_hal_pcd.o(i.HAL_PCD_IRQHandler)
    HAL_PCD_ISOINIncompleteCallback          0x08001001   Thumb Code     8  usbd_conf.o(i.HAL_PCD_ISOINIncompleteCallback)
    HAL_PCD_ISOOUTIncompleteCallback         0x08001009   Thumb Code     8  usbd_conf.o(i.HAL_PCD_ISOOUTIncompleteCallback)
    HAL_PCD_Init                             0x08001011   Thumb Code   204  stm32f4xx_hal_pcd.o(i.HAL_PCD_Init)
    HAL_PCD_MspInit                          0x080010dd   Thumb Code   122  usbd_conf.o(i.HAL_PCD_MspInit)
    HAL_PCD_ResetCallback                    0x08001161   Thumb Code    44  usbd_conf.o(i.HAL_PCD_ResetCallback)
    HAL_PCD_ResumeCallback                   0x0800118d   Thumb Code     8  usbd_conf.o(i.HAL_PCD_ResumeCallback)
    HAL_PCD_SOFCallback                      0x08001195   Thumb Code     8  usbd_conf.o(i.HAL_PCD_SOFCallback)
    HAL_PCD_SetAddress                       0x0800119d   Thumb Code    38  stm32f4xx_hal_pcd.o(i.HAL_PCD_SetAddress)
    HAL_PCD_SetupStageCallback               0x080011c3   Thumb Code    14  usbd_conf.o(i.HAL_PCD_SetupStageCallback)
    HAL_PCD_Start                            0x080011d1   Thumb Code    66  stm32f4xx_hal_pcd.o(i.HAL_PCD_Start)
    HAL_PCD_SuspendCallback                  0x08001215   Thumb Code    44  usbd_conf.o(i.HAL_PCD_SuspendCallback)
    HAL_RCC_ClockConfig                      0x08001245   Thumb Code   288  stm32f4xx_hal_rcc.o(i.HAL_RCC_ClockConfig)
    HAL_RCC_GetHCLKFreq                      0x08001379   Thumb Code     6  stm32f4xx_hal_rcc.o(i.HAL_RCC_GetHCLKFreq)
    HAL_RCC_GetPCLK1Freq                     0x08001385   Thumb Code    20  stm32f4xx_hal_rcc.o(i.HAL_RCC_GetPCLK1Freq)
    HAL_RCC_GetPCLK2Freq                     0x080013a5   Thumb Code    20  stm32f4xx_hal_rcc.o(i.HAL_RCC_GetPCLK2Freq)
    HAL_RCC_GetSysClockFreq                  0x080013c5   Thumb Code    88  stm32f4xx_hal_rcc.o(i.HAL_RCC_GetSysClockFreq)
    HAL_RCC_OscConfig                        0x08001425   Thumb Code   856  stm32f4xx_hal_rcc.o(i.HAL_RCC_OscConfig)
    HAL_SYSTICK_Config                       0x08001791   Thumb Code    40  stm32f4xx_hal_cortex.o(i.HAL_SYSTICK_Config)
    HAL_UART_Init                            0x080017b9   Thumb Code   100  stm32f4xx_hal_uart.o(i.HAL_UART_Init)
    HAL_UART_MspInit                         0x0800181d   Thumb Code   150  usart.o(i.HAL_UART_MspInit)
    HAL_UART_Transmit                        0x080018c9   Thumb Code   160  stm32f4xx_hal_uart.o(i.HAL_UART_Transmit)
    HardFault_Handler                        0x08001969   Thumb Code     2  stm32f4xx_it.o(i.HardFault_Handler)
    MX_GPIO_Init                             0x080019a5   Thumb Code    54  gpio.o(i.MX_GPIO_Init)
    MX_UART4_Init                            0x080019e1   Thumb Code    48  usart.o(i.MX_UART4_Init)
    MX_USART3_UART_Init                      0x08001a19   Thumb Code    48  usart.o(i.MX_USART3_UART_Init)
    MX_USB_DEVICE_Init                       0x08001a51   Thumb Code    66  usb_device.o(i.MX_USB_DEVICE_Init)
    MemManage_Handler                        0x08001aa5   Thumb Code     2  stm32f4xx_it.o(i.MemManage_Handler)
    NMI_Handler                              0x08001aa7   Thumb Code     2  stm32f4xx_it.o(i.NMI_Handler)
    OTG_FS_IRQHandler                        0x08001aa9   Thumb Code     6  stm32f4xx_it.o(i.OTG_FS_IRQHandler)
    PendSV_Handler                           0x08001c23   Thumb Code     2  stm32f4xx_it.o(i.PendSV_Handler)
    SVC_Handler                              0x08001c25   Thumb Code     2  stm32f4xx_it.o(i.SVC_Handler)
    SysTick_Handler                          0x08001c31   Thumb Code     4  stm32f4xx_it.o(i.SysTick_Handler)
    SystemClock_Config                       0x08001c35   Thumb Code   136  main.o(i.SystemClock_Config)
    SystemInit                               0x08001cc5   Thumb Code    12  system_stm32f4xx.o(i.SystemInit)
    USBD_CUSTOM_HID_ReceivePacket            0x080020f9   Thumb Code    34  usbd_customhid.o(i.USBD_CUSTOM_HID_ReceivePacket)
    USBD_CUSTOM_HID_RegisterInterface        0x08002121   Thumb Code    22  usbd_customhid.o(i.USBD_CUSTOM_HID_RegisterInterface)
    USBD_CUSTOM_HID_SendReport               0x08002139   Thumb Code    62  usbd_customhid.o(i.USBD_CUSTOM_HID_SendReport)
    USBD_ClrClassConfig                      0x08002315   Thumb Code    20  usbd_core.o(i.USBD_ClrClassConfig)
    USBD_CoreFindEP                          0x08002329   Thumb Code     4  usbd_core.o(i.USBD_CoreFindEP)
    USBD_CoreFindIF                          0x0800232d   Thumb Code     4  usbd_core.o(i.USBD_CoreFindIF)
    USBD_CtlContinueRx                       0x08002331   Thumb Code    16  usbd_ioreq.o(i.USBD_CtlContinueRx)
    USBD_CtlContinueSendData                 0x08002341   Thumb Code    16  usbd_ioreq.o(i.USBD_CtlContinueSendData)
    USBD_CtlError                            0x08002351   Thumb Code    22  usbd_ctlreq.o(i.USBD_CtlError)
    USBD_CtlPrepareRx                        0x08002367   Thumb Code    34  usbd_ioreq.o(i.USBD_CtlPrepareRx)
    USBD_CtlReceiveStatus                    0x08002389   Thumb Code    22  usbd_ioreq.o(i.USBD_CtlReceiveStatus)
    USBD_CtlSendData                         0x0800239f   Thumb Code    28  usbd_ioreq.o(i.USBD_CtlSendData)
    USBD_CtlSendStatus                       0x080023bb   Thumb Code    22  usbd_ioreq.o(i.USBD_CtlSendStatus)
    USBD_FS_ConfigStrDescriptor              0x080023d1   Thumb Code    16  usbd_desc.o(i.USBD_FS_ConfigStrDescriptor)
    USBD_FS_DeviceDescriptor                 0x080023f9   Thumb Code     8  usbd_desc.o(i.USBD_FS_DeviceDescriptor)
    USBD_FS_InterfaceStrDescriptor           0x08002405   Thumb Code    16  usbd_desc.o(i.USBD_FS_InterfaceStrDescriptor)
    USBD_FS_LangIDStrDescriptor              0x08002431   Thumb Code     8  usbd_desc.o(i.USBD_FS_LangIDStrDescriptor)
    USBD_FS_ManufacturerStrDescriptor        0x0800243d   Thumb Code    16  usbd_desc.o(i.USBD_FS_ManufacturerStrDescriptor)
    USBD_FS_ProductStrDescriptor             0x08002465   Thumb Code    16  usbd_desc.o(i.USBD_FS_ProductStrDescriptor)
    USBD_FS_SerialStrDescriptor              0x08002499   Thumb Code    48  usbd_desc.o(i.USBD_FS_SerialStrDescriptor)
    USBD_GetEpDesc                           0x080025b7   Thumb Code    58  usbd_core.o(i.USBD_GetEpDesc)
    USBD_GetNextDesc                         0x08002605   Thumb Code    14  usbd_core.o(i.USBD_GetNextDesc)
    USBD_GetString                           0x08002613   Thumb Code    78  usbd_ctlreq.o(i.USBD_GetString)
    USBD_Get_USB_Status                      0x08002661   Thumb Code    24  usbd_conf.o(i.USBD_Get_USB_Status)
    USBD_Init                                0x08002679   Thumb Code    38  usbd_core.o(i.USBD_Init)
    USBD_LL_ClearStallEP                     0x0800269f   Thumb Code    18  usbd_conf.o(i.USBD_LL_ClearStallEP)
    USBD_LL_CloseEP                          0x080026b1   Thumb Code    18  usbd_conf.o(i.USBD_LL_CloseEP)
    USBD_LL_DataInStage                      0x080026c3   Thumb Code   184  usbd_core.o(i.USBD_LL_DataInStage)
    USBD_LL_DataOutStage                     0x0800277b   Thumb Code   148  usbd_core.o(i.USBD_LL_DataOutStage)
    USBD_LL_DevConnected                     0x0800280f   Thumb Code     4  usbd_core.o(i.USBD_LL_DevConnected)
    USBD_LL_DevDisconnected                  0x08002813   Thumb Code    30  usbd_core.o(i.USBD_LL_DevDisconnected)
    USBD_LL_Init                             0x08002831   Thumb Code    90  usbd_conf.o(i.USBD_LL_Init)
    USBD_LL_IsStallEP                        0x08002891   Thumb Code    30  usbd_conf.o(i.USBD_LL_IsStallEP)
    USBD_LL_IsoINIncomplete                  0x080028af   Thumb Code    40  usbd_core.o(i.USBD_LL_IsoINIncomplete)
    USBD_LL_IsoOUTIncomplete                 0x080028d7   Thumb Code    40  usbd_core.o(i.USBD_LL_IsoOUTIncomplete)
    USBD_LL_OpenEP                           0x080028ff   Thumb Code    24  usbd_conf.o(i.USBD_LL_OpenEP)
    USBD_LL_PrepareReceive                   0x08002917   Thumb Code    18  usbd_conf.o(i.USBD_LL_PrepareReceive)
    USBD_LL_Reset                            0x08002929   Thumb Code    94  usbd_core.o(i.USBD_LL_Reset)
    USBD_LL_Resume                           0x08002987   Thumb Code    20  usbd_core.o(i.USBD_LL_Resume)
    USBD_LL_SOF                              0x0800299b   Thumb Code    26  usbd_core.o(i.USBD_LL_SOF)
    USBD_LL_SetSpeed                         0x080029b5   Thumb Code     6  usbd_core.o(i.USBD_LL_SetSpeed)
    USBD_LL_SetUSBAddress                    0x080029bb   Thumb Code    18  usbd_conf.o(i.USBD_LL_SetUSBAddress)
    USBD_LL_SetupStage                       0x080029cd   Thumb Code    96  usbd_core.o(i.USBD_LL_SetupStage)
    USBD_LL_StallEP                          0x08002a2d   Thumb Code    18  usbd_conf.o(i.USBD_LL_StallEP)
    USBD_LL_Start                            0x08002a3f   Thumb Code    18  usbd_conf.o(i.USBD_LL_Start)
    USBD_LL_Suspend                          0x08002a51   Thumb Code    26  usbd_core.o(i.USBD_LL_Suspend)
    USBD_LL_Transmit                         0x08002a6b   Thumb Code    18  usbd_conf.o(i.USBD_LL_Transmit)
    USBD_ParseSetupRequest                   0x08002a7d   Thumb Code    44  usbd_ctlreq.o(i.USBD_ParseSetupRequest)
    USBD_RegisterClass                       0x08002aa9   Thumb Code    58  usbd_core.o(i.USBD_RegisterClass)
    USBD_SetClassConfig                      0x08002ae3   Thumb Code    20  usbd_core.o(i.USBD_SetClassConfig)
    USBD_Start                               0x08002bb1   Thumb Code     4  usbd_core.o(i.USBD_Start)
    USBD_StdDevReq                           0x08002bb5   Thumb Code   300  usbd_ctlreq.o(i.USBD_StdDevReq)
    USBD_StdEPReq                            0x08002ce1   Thumb Code   358  usbd_ctlreq.o(i.USBD_StdEPReq)
    USBD_StdItfReq                           0x08002e47   Thumb Code   114  usbd_ctlreq.o(i.USBD_StdItfReq)
    USBD_static_free                         0x08002eb9   Thumb Code     2  usbd_conf.o(i.USBD_static_free)
    USBD_static_malloc                       0x08002ebd   Thumb Code     4  usbd_conf.o(i.USBD_static_malloc)
    USB_ActivateEndpoint                     0x08002ec5   Thumb Code   122  stm32f4xx_ll_usb.o(i.USB_ActivateEndpoint)
    USB_ActivateSetup                        0x08002f45   Thumb Code    28  stm32f4xx_ll_usb.o(i.USB_ActivateSetup)
    USB_CoreInit                             0x08002f61   Thumb Code   126  stm32f4xx_ll_usb.o(i.USB_CoreInit)
    USB_DeactivateEndpoint                   0x08003029   Thumb Code   194  stm32f4xx_ll_usb.o(i.USB_DeactivateEndpoint)
    USB_DevConnect                           0x080030f5   Thumb Code    28  stm32f4xx_ll_usb.o(i.USB_DevConnect)
    USB_DevDisconnect                        0x08003111   Thumb Code    28  stm32f4xx_ll_usb.o(i.USB_DevDisconnect)
    USB_DevInit                              0x0800312d   Thumb Code   370  stm32f4xx_ll_usb.o(i.USB_DevInit)
    USB_DisableGlobalInt                     0x080032a9   Thumb Code    12  stm32f4xx_ll_usb.o(i.USB_DisableGlobalInt)
    USB_EP0_OutStart                         0x080032b5   Thumb Code    84  stm32f4xx_ll_usb.o(i.USB_EP0_OutStart)
    USB_EPClearStall                         0x0800330d   Thumb Code    88  stm32f4xx_ll_usb.o(i.USB_EPClearStall)
    USB_EPSetStall                           0x08003365   Thumb Code    88  stm32f4xx_ll_usb.o(i.USB_EPSetStall)
    USB_EPStartXfer                          0x080033bd   Thumb Code   562  stm32f4xx_ll_usb.o(i.USB_EPStartXfer)
    USB_EPStopXfer                           0x080035f5   Thumb Code   158  stm32f4xx_ll_usb.o(i.USB_EPStopXfer)
    USB_EnableGlobalInt                      0x08003693   Thumb Code    12  stm32f4xx_ll_usb.o(i.USB_EnableGlobalInt)
    USB_FlushRxFifo                          0x0800369f   Thumb Code    56  stm32f4xx_ll_usb.o(i.USB_FlushRxFifo)
    USB_FlushTxFifo                          0x080036d7   Thumb Code    60  stm32f4xx_ll_usb.o(i.USB_FlushTxFifo)
    USB_GetDevSpeed                          0x08003713   Thumb Code    26  stm32f4xx_ll_usb.o(i.USB_GetDevSpeed)
    USB_GetMode                              0x0800372d   Thumb Code     8  stm32f4xx_ll_usb.o(i.USB_GetMode)
    USB_ReadDevAllInEpInterrupt              0x08003735   Thumb Code    14  stm32f4xx_ll_usb.o(i.USB_ReadDevAllInEpInterrupt)
    USB_ReadDevAllOutEpInterrupt             0x08003743   Thumb Code    14  stm32f4xx_ll_usb.o(i.USB_ReadDevAllOutEpInterrupt)
    USB_ReadDevInEPInterrupt                 0x08003751   Thumb Code    36  stm32f4xx_ll_usb.o(i.USB_ReadDevInEPInterrupt)
    USB_ReadDevOutEPInterrupt                0x08003775   Thumb Code    16  stm32f4xx_ll_usb.o(i.USB_ReadDevOutEPInterrupt)
    USB_ReadInterrupts                       0x08003785   Thumb Code     8  stm32f4xx_ll_usb.o(i.USB_ReadInterrupts)
    USB_ReadPacket                           0x0800378d   Thumb Code    62  stm32f4xx_ll_usb.o(i.USB_ReadPacket)
    USB_SetCurrentMode                       0x080037cb   Thumb Code    92  stm32f4xx_ll_usb.o(i.USB_SetCurrentMode)
    USB_SetDevAddress                        0x08003827   Thumb Code    34  stm32f4xx_ll_usb.o(i.USB_SetDevAddress)
    USB_SetTurnaroundTime                    0x08003849   Thumb Code   158  stm32f4xx_ll_usb.o(i.USB_SetTurnaroundTime)
    USB_WritePacket                          0x08003931   Thumb Code    40  stm32f4xx_ll_usb.o(i.USB_WritePacket)
    UsageFault_Handler                       0x08003959   Thumb Code     2  stm32f4xx_it.o(i.UsageFault_Handler)
    __0printf$8                              0x0800395d   Thumb Code    22  printf8.o(i.__0printf$8)
    __1printf$8                              0x0800395d   Thumb Code     0  printf8.o(i.__0printf$8)
    __2printf                                0x0800395d   Thumb Code     0  printf8.o(i.__0printf$8)
    __scatterload_copy                       0x0800399d   Thumb Code    14  handlers.o(i.__scatterload_copy)
    __scatterload_null                       0x080039ab   Thumb Code     2  handlers.o(i.__scatterload_null)
    __scatterload_zeroinit                   0x080039ad   Thumb Code    14  handlers.o(i.__scatterload_zeroinit)
    fputc                                    0x08003e21   Thumb Code    18  usart.o(i.fputc)
    main                                     0x08003e39   Thumb Code    96  main.o(i.main)
    AHBPrescTable                            0x08003ea4   Data          16  system_stm32f4xx.o(.constdata)
    APBPrescTable                            0x08003eb4   Data           8  system_stm32f4xx.o(.constdata)
    Region$$Table$$Base                      0x08003ebc   Number         0  anon$$obj.o(Region$$Table)
    Region$$Table$$Limit                     0x08003edc   Number         0  anon$$obj.o(Region$$Table)
    report                                   0x20000004   Data          12  main.o(.data)
    FS_Desc                                  0x20000010   Data          28  usbd_desc.o(.data)
    USBD_LangIDDesc                          0x2000002c   Data           4  usbd_desc.o(.data)
    USBD_FS_DeviceDesc                       0x20000030   Data          18  usbd_desc.o(.data)
    USBD_StringSerial                        0x20000044   Data          26  usbd_desc.o(.data)
    USBD_CustomHID_fops_FS                   0x20000518   Data          20  usbd_custom_hid_if.o(.data)
    uwTickFreq                               0x2000052c   Data           1  stm32f4xx_hal.o(.data)
    uwTickPrio                               0x20000530   Data           4  stm32f4xx_hal.o(.data)
    uwTick                                   0x20000534   Data           4  stm32f4xx_hal.o(.data)
    SystemCoreClock                          0x20000538   Data           4  system_stm32f4xx.o(.data)
    USBD_CUSTOM_HID                          0x20000540   Data          56  usbd_customhid.o(.data)
    __stdout                                 0x200005c0   Data           4  stdout.o(.data)
    huart4                                   0x200005c4   Data          72  usart.o(.bss)
    huart3                                   0x2000060c   Data          72  usart.o(.bss)
    hUsbDeviceFS                             0x20000654   Data         732  usb_device.o(.bss)
    USBD_StrDesc                             0x20000930   Data         512  usbd_desc.o(.bss)
    hpcd_USB_OTG_FS                          0x20000b58   Data        1252  usbd_conf.o(.bss)
    __initial_sp                             0x20001440   Data           0  startup_stm32f407xx.o(STACK)



==============================================================================

Memory Map of the image

  Image Entry point : 0x08000189

  Load Region LR_IROM1 (Base: 0x08000000, Size: 0x000044a0, Max: 0x00100000, ABSOLUTE, COMPRESSED[0x00004280])

    Execution Region ER_IROM1 (Exec base: 0x08000000, Load base: 0x08000000, Size: 0x00003edc, Max: 0x00100000, ABSOLUTE)

    Exec Addr    Load Addr    Size         Type   Attr      Idx    E Section Name        Object

    0x08000000   0x08000000   0x00000188   Data   RO            3    RESET               startup_stm32f407xx.o
    0x08000188   0x08000188   0x00000000   Code   RO         3273  * .ARM.Collect$$$$00000000  mc_w.l(entry.o)
    0x08000188   0x08000188   0x00000004   Code   RO         3541    .ARM.Collect$$$$00000001  mc_w.l(entry2.o)
    0x0800018c   0x0800018c   0x00000004   Code   RO         3544    .ARM.Collect$$$$00000004  mc_w.l(entry5.o)
    0x08000190   0x08000190   0x00000000   Code   RO         3546    .ARM.Collect$$$$00000008  mc_w.l(entry7b.o)
    0x08000190   0x08000190   0x00000000   Code   RO         3548    .ARM.Collect$$$$0000000A  mc_w.l(entry8b.o)
    0x08000190   0x08000190   0x00000008   Code   RO         3549    .ARM.Collect$$$$0000000B  mc_w.l(entry9a.o)
    0x08000198   0x08000198   0x00000000   Code   RO         3551    .ARM.Collect$$$$0000000D  mc_w.l(entry10a.o)
    0x08000198   0x08000198   0x00000000   Code   RO         3553    .ARM.Collect$$$$0000000F  mc_w.l(entry11a.o)
    0x08000198   0x08000198   0x00000004   Code   RO         3542    .ARM.Collect$$$$00002712  mc_w.l(entry2.o)
    0x0800019c   0x0800019c   0x00000024   Code   RO            4    .text               startup_stm32f407xx.o
    0x080001c0   0x080001c0   0x00000062   Code   RO         3276    .text               mc_w.l(uldiv.o)
    0x08000222   0x08000222   0x00000024   Code   RO         3278    .text               mc_w.l(memseta.o)
    0x08000246   0x08000246   0x0000001e   Code   RO         3558    .text               mc_w.l(llshl.o)
    0x08000264   0x08000264   0x00000020   Code   RO         3560    .text               mc_w.l(llushr.o)
    0x08000284   0x08000284   0x00000024   Code   RO         3573    .text               mc_w.l(init.o)
    0x080002a8   0x080002a8   0x0000005e   Code   RO         3587    .text               mc_w.l(__dclz77c.o)
    0x08000306   0x08000306   0x00000002   Code   RO          273    i.BusFault_Handler  stm32f4xx_it.o
    0x08000308   0x08000308   0x00000004   Code   RO          496    i.CUSTOM_HID_DeInit_FS  usbd_custom_hid_if.o
    0x0800030c   0x0800030c   0x00000048   Code   RO          497    i.CUSTOM_HID_GetReport_FS  usbd_custom_hid_if.o
    0x08000354   0x08000354   0x00000004   Code   RO          498    i.CUSTOM_HID_Init_FS  usbd_custom_hid_if.o
    0x08000358   0x08000358   0x0000016c   Code   RO          499    i.CUSTOM_HID_OutEvent_FS  usbd_custom_hid_if.o
    0x080004c4   0x080004c4   0x00000002   Code   RO          274    i.DebugMon_Handler  stm32f4xx_it.o
    0x080004c6   0x080004c6   0x00000004   Code   RO           13    i.Error_Handler     main.o
    0x080004ca   0x080004ca   0x00000002   PAD
    0x080004cc   0x080004cc   0x00000024   Code   RO         2234    i.HAL_Delay         stm32f4xx_hal.o
    0x080004f0   0x080004f0   0x000001f0   Code   RO         1690    i.HAL_GPIO_Init     stm32f4xx_hal_gpio.o
    0x080006e0   0x080006e0   0x0000000c   Code   RO         2240    i.HAL_GetTick       stm32f4xx_hal.o
    0x080006ec   0x080006ec   0x00000010   Code   RO         2246    i.HAL_IncTick       stm32f4xx_hal.o
    0x080006fc   0x080006fc   0x00000034   Code   RO         2247    i.HAL_Init          stm32f4xx_hal.o
    0x08000730   0x08000730   0x00000040   Code   RO         2248    i.HAL_InitTick      stm32f4xx_hal.o
    0x08000770   0x08000770   0x00000030   Code   RO          355    i.HAL_MspInit       stm32f4xx_hal_msp.o
    0x080007a0   0x080007a0   0x0000001a   Code   RO         2082    i.HAL_NVIC_EnableIRQ  stm32f4xx_hal_cortex.o
    0x080007ba   0x080007ba   0x00000002   PAD
    0x080007bc   0x080007bc   0x00000040   Code   RO         2088    i.HAL_NVIC_SetPriority  stm32f4xx_hal_cortex.o
    0x080007fc   0x080007fc   0x00000024   Code   RO         2089    i.HAL_NVIC_SetPriorityGrouping  stm32f4xx_hal_cortex.o
    0x08000820   0x08000820   0x00000002   Code   RO          989    i.HAL_PCDEx_LPM_Callback  stm32f4xx_hal_pcd_ex.o
    0x08000822   0x08000822   0x00000008   Code   RO          990    i.HAL_PCDEx_SetRxFiFo  stm32f4xx_hal_pcd_ex.o
    0x0800082a   0x0800082a   0x00000044   Code   RO          991    i.HAL_PCDEx_SetTxFiFo  stm32f4xx_hal_pcd_ex.o
    0x0800086e   0x0800086e   0x00000008   Code   RO          543    i.HAL_PCD_ConnectCallback  usbd_conf.o
    0x08000876   0x08000876   0x00000012   Code   RO          544    i.HAL_PCD_DataInStageCallback  usbd_conf.o
    0x08000888   0x08000888   0x00000014   Code   RO          545    i.HAL_PCD_DataOutStageCallback  usbd_conf.o
    0x0800089c   0x0800089c   0x00000008   Code   RO          546    i.HAL_PCD_DisconnectCallback  usbd_conf.o
    0x080008a4   0x080008a4   0x0000001e   Code   RO          759    i.HAL_PCD_EP_Abort  stm32f4xx_hal_pcd.o
    0x080008c2   0x080008c2   0x0000004a   Code   RO          760    i.HAL_PCD_EP_Close  stm32f4xx_hal_pcd.o
    0x0800090c   0x0800090c   0x0000005a   Code   RO          761    i.HAL_PCD_EP_ClrStall  stm32f4xx_hal_pcd.o
    0x08000966   0x08000966   0x00000062   Code   RO          764    i.HAL_PCD_EP_Open   stm32f4xx_hal_pcd.o
    0x080009c8   0x080009c8   0x00000038   Code   RO          765    i.HAL_PCD_EP_Receive  stm32f4xx_hal_pcd.o
    0x08000a00   0x08000a00   0x00000072   Code   RO          766    i.HAL_PCD_EP_SetStall  stm32f4xx_hal_pcd.o
    0x08000a72   0x08000a72   0x00000032   Code   RO          767    i.HAL_PCD_EP_Transmit  stm32f4xx_hal_pcd.o
    0x08000aa4   0x08000aa4   0x0000055c   Code   RO          769    i.HAL_PCD_IRQHandler  stm32f4xx_hal_pcd.o
    0x08001000   0x08001000   0x00000008   Code   RO          547    i.HAL_PCD_ISOINIncompleteCallback  usbd_conf.o
    0x08001008   0x08001008   0x00000008   Code   RO          548    i.HAL_PCD_ISOOUTIncompleteCallback  usbd_conf.o
    0x08001010   0x08001010   0x000000cc   Code   RO          772    i.HAL_PCD_Init      stm32f4xx_hal_pcd.o
    0x080010dc   0x080010dc   0x00000084   Code   RO          550    i.HAL_PCD_MspInit   usbd_conf.o
    0x08001160   0x08001160   0x0000002c   Code   RO          551    i.HAL_PCD_ResetCallback  usbd_conf.o
    0x0800118c   0x0800118c   0x00000008   Code   RO          552    i.HAL_PCD_ResumeCallback  usbd_conf.o
    0x08001194   0x08001194   0x00000008   Code   RO          553    i.HAL_PCD_SOFCallback  usbd_conf.o
    0x0800119c   0x0800119c   0x00000026   Code   RO          778    i.HAL_PCD_SetAddress  stm32f4xx_hal_pcd.o
    0x080011c2   0x080011c2   0x0000000e   Code   RO          554    i.HAL_PCD_SetupStageCallback  usbd_conf.o
    0x080011d0   0x080011d0   0x00000042   Code   RO          781    i.HAL_PCD_Start     stm32f4xx_hal_pcd.o
    0x08001212   0x08001212   0x00000002   PAD
    0x08001214   0x08001214   0x00000030   Code   RO          555    i.HAL_PCD_SuspendCallback  usbd_conf.o
    0x08001244   0x08001244   0x00000134   Code   RO         1336    i.HAL_RCC_ClockConfig  stm32f4xx_hal_rcc.o
    0x08001378   0x08001378   0x0000000c   Code   RO         1341    i.HAL_RCC_GetHCLKFreq  stm32f4xx_hal_rcc.o
    0x08001384   0x08001384   0x00000020   Code   RO         1343    i.HAL_RCC_GetPCLK1Freq  stm32f4xx_hal_rcc.o
    0x080013a4   0x080013a4   0x00000020   Code   RO         1344    i.HAL_RCC_GetPCLK2Freq  stm32f4xx_hal_rcc.o
    0x080013c4   0x080013c4   0x00000060   Code   RO         1345    i.HAL_RCC_GetSysClockFreq  stm32f4xx_hal_rcc.o
    0x08001424   0x08001424   0x0000036c   Code   RO         1348    i.HAL_RCC_OscConfig  stm32f4xx_hal_rcc.o
    0x08001790   0x08001790   0x00000028   Code   RO         2093    i.HAL_SYSTICK_Config  stm32f4xx_hal_cortex.o
    0x080017b8   0x080017b8   0x00000064   Code   RO         2515    i.HAL_UART_Init     stm32f4xx_hal_uart.o
    0x0800181c   0x0800181c   0x000000ac   Code   RO          220    i.HAL_UART_MspInit  usart.o
    0x080018c8   0x080018c8   0x000000a0   Code   RO         2523    i.HAL_UART_Transmit  stm32f4xx_hal_uart.o
    0x08001968   0x08001968   0x00000002   Code   RO          275    i.HardFault_Handler  stm32f4xx_it.o
    0x0800196a   0x0800196a   0x00000002   PAD
    0x0800196c   0x0800196c   0x00000038   Code   RO          410    i.IntToUnicode      usbd_desc.o
    0x080019a4   0x080019a4   0x0000003c   Code   RO          195    i.MX_GPIO_Init      gpio.o
    0x080019e0   0x080019e0   0x00000038   Code   RO          221    i.MX_UART4_Init     usart.o
    0x08001a18   0x08001a18   0x00000038   Code   RO          222    i.MX_USART3_UART_Init  usart.o
    0x08001a50   0x08001a50   0x00000054   Code   RO          379    i.MX_USB_DEVICE_Init  usb_device.o
    0x08001aa4   0x08001aa4   0x00000002   Code   RO          276    i.MemManage_Handler  stm32f4xx_it.o
    0x08001aa6   0x08001aa6   0x00000002   Code   RO          277    i.NMI_Handler       stm32f4xx_it.o
    0x08001aa8   0x08001aa8   0x0000000c   Code   RO          278    i.OTG_FS_IRQHandler  stm32f4xx_it.o
    0x08001ab4   0x08001ab4   0x000000cc   Code   RO          785    i.PCD_EP_OutXfrComplete_int  stm32f4xx_hal_pcd.o
    0x08001b80   0x08001b80   0x000000a2   Code   RO          786    i.PCD_WriteEmptyTxFifo  stm32f4xx_hal_pcd.o
    0x08001c22   0x08001c22   0x00000002   Code   RO          279    i.PendSV_Handler    stm32f4xx_it.o
    0x08001c24   0x08001c24   0x00000002   Code   RO          280    i.SVC_Handler       stm32f4xx_it.o
    0x08001c26   0x08001c26   0x0000000a   Code   RO         3045    i.SWAPBYTE          usbd_ctlreq.o
    0x08001c30   0x08001c30   0x00000004   Code   RO          281    i.SysTick_Handler   stm32f4xx_it.o
    0x08001c34   0x08001c34   0x00000090   Code   RO           14    i.SystemClock_Config  main.o
    0x08001cc4   0x08001cc4   0x00000010   Code   RO         2849    i.SystemInit        system_stm32f4xx.o
    0x08001cd4   0x08001cd4   0x0000004e   Code   RO         2538    i.UART_EndRxTransfer  stm32f4xx_hal_uart.o
    0x08001d22   0x08001d22   0x00000002   PAD
    0x08001d24   0x08001d24   0x0000010c   Code   RO         2541    i.UART_SetConfig    stm32f4xx_hal_uart.o
    0x08001e30   0x08001e30   0x00000072   Code   RO         2544    i.UART_WaitOnFlagUntilTimeout  stm32f4xx_hal_uart.o
    0x08001ea2   0x08001ea2   0x00000016   Code   RO         3183    i.USBD_CUSTOM_HID_DataIn  usbd_customhid.o
    0x08001eb8   0x08001eb8   0x00000024   Code   RO         3184    i.USBD_CUSTOM_HID_DataOut  usbd_customhid.o
    0x08001edc   0x08001edc   0x00000080   Code   RO         3185    i.USBD_CUSTOM_HID_DeInit  usbd_customhid.o
    0x08001f5c   0x08001f5c   0x00000030   Code   RO         3186    i.USBD_CUSTOM_HID_EP0_RxReady  usbd_customhid.o
    0x08001f8c   0x08001f8c   0x0000000c   Code   RO         3187    i.USBD_CUSTOM_HID_GetDeviceQualifierDesc  usbd_customhid.o
    0x08001f98   0x08001f98   0x00000034   Code   RO         3188    i.USBD_CUSTOM_HID_GetFSCfgDesc  usbd_customhid.o
    0x08001fcc   0x08001fcc   0x00000034   Code   RO         3189    i.USBD_CUSTOM_HID_GetHSCfgDesc  usbd_customhid.o
    0x08002000   0x08002000   0x00000034   Code   RO         3190    i.USBD_CUSTOM_HID_GetOtherSpeedCfgDesc  usbd_customhid.o
    0x08002034   0x08002034   0x000000c4   Code   RO         3191    i.USBD_CUSTOM_HID_Init  usbd_customhid.o
    0x080020f8   0x080020f8   0x00000028   Code   RO         3192    i.USBD_CUSTOM_HID_ReceivePacket  usbd_customhid.o
    0x08002120   0x08002120   0x00000016   Code   RO         3193    i.USBD_CUSTOM_HID_RegisterInterface  usbd_customhid.o
    0x08002136   0x08002136   0x00000002   PAD
    0x08002138   0x08002138   0x00000044   Code   RO         3194    i.USBD_CUSTOM_HID_SendReport  usbd_customhid.o
    0x0800217c   0x0800217c   0x00000198   Code   RO         3195    i.USBD_CUSTOM_HID_Setup  usbd_customhid.o
    0x08002314   0x08002314   0x00000014   Code   RO         2886    i.USBD_ClrClassConfig  usbd_core.o
    0x08002328   0x08002328   0x00000004   Code   RO         2887    i.USBD_CoreFindEP   usbd_core.o
    0x0800232c   0x0800232c   0x00000004   Code   RO         2888    i.USBD_CoreFindIF   usbd_core.o
    0x08002330   0x08002330   0x00000010   Code   RO         3123    i.USBD_CtlContinueRx  usbd_ioreq.o
    0x08002340   0x08002340   0x00000010   Code   RO         3124    i.USBD_CtlContinueSendData  usbd_ioreq.o
    0x08002350   0x08002350   0x00000016   Code   RO         3046    i.USBD_CtlError     usbd_ctlreq.o
    0x08002366   0x08002366   0x00000022   Code   RO         3125    i.USBD_CtlPrepareRx  usbd_ioreq.o
    0x08002388   0x08002388   0x00000016   Code   RO         3126    i.USBD_CtlReceiveStatus  usbd_ioreq.o
    0x0800239e   0x0800239e   0x0000001c   Code   RO         3127    i.USBD_CtlSendData  usbd_ioreq.o
    0x080023ba   0x080023ba   0x00000016   Code   RO         3128    i.USBD_CtlSendStatus  usbd_ioreq.o
    0x080023d0   0x080023d0   0x00000028   Code   RO          411    i.USBD_FS_ConfigStrDescriptor  usbd_desc.o
    0x080023f8   0x080023f8   0x0000000c   Code   RO          412    i.USBD_FS_DeviceDescriptor  usbd_desc.o
    0x08002404   0x08002404   0x0000002c   Code   RO          413    i.USBD_FS_InterfaceStrDescriptor  usbd_desc.o
    0x08002430   0x08002430   0x0000000c   Code   RO          414    i.USBD_FS_LangIDStrDescriptor  usbd_desc.o
    0x0800243c   0x0800243c   0x00000028   Code   RO          415    i.USBD_FS_ManufacturerStrDescriptor  usbd_desc.o
    0x08002464   0x08002464   0x00000034   Code   RO          416    i.USBD_FS_ProductStrDescriptor  usbd_desc.o
    0x08002498   0x08002498   0x00000038   Code   RO          417    i.USBD_FS_SerialStrDescriptor  usbd_desc.o
    0x080024d0   0x080024d0   0x000000e6   Code   RO         3047    i.USBD_GetDescriptor  usbd_ctlreq.o
    0x080025b6   0x080025b6   0x0000003a   Code   RO         2890    i.USBD_GetEpDesc    usbd_core.o
    0x080025f0   0x080025f0   0x00000014   Code   RO         3048    i.USBD_GetLen       usbd_ctlreq.o
    0x08002604   0x08002604   0x0000000e   Code   RO         2891    i.USBD_GetNextDesc  usbd_core.o
    0x08002612   0x08002612   0x0000004e   Code   RO         3049    i.USBD_GetString    usbd_ctlreq.o
    0x08002660   0x08002660   0x00000018   Code   RO          556    i.USBD_Get_USB_Status  usbd_conf.o
    0x08002678   0x08002678   0x00000026   Code   RO         2892    i.USBD_Init         usbd_core.o
    0x0800269e   0x0800269e   0x00000012   Code   RO          557    i.USBD_LL_ClearStallEP  usbd_conf.o
    0x080026b0   0x080026b0   0x00000012   Code   RO          558    i.USBD_LL_CloseEP   usbd_conf.o
    0x080026c2   0x080026c2   0x000000b8   Code   RO         2893    i.USBD_LL_DataInStage  usbd_core.o
    0x0800277a   0x0800277a   0x00000094   Code   RO         2894    i.USBD_LL_DataOutStage  usbd_core.o
    0x0800280e   0x0800280e   0x00000004   Code   RO         2895    i.USBD_LL_DevConnected  usbd_core.o
    0x08002812   0x08002812   0x0000001e   Code   RO         2896    i.USBD_LL_DevDisconnected  usbd_core.o
    0x08002830   0x08002830   0x00000060   Code   RO          563    i.USBD_LL_Init      usbd_conf.o
    0x08002890   0x08002890   0x0000001e   Code   RO          564    i.USBD_LL_IsStallEP  usbd_conf.o
    0x080028ae   0x080028ae   0x00000028   Code   RO         2897    i.USBD_LL_IsoINIncomplete  usbd_core.o
    0x080028d6   0x080028d6   0x00000028   Code   RO         2898    i.USBD_LL_IsoOUTIncomplete  usbd_core.o
    0x080028fe   0x080028fe   0x00000018   Code   RO          565    i.USBD_LL_OpenEP    usbd_conf.o
    0x08002916   0x08002916   0x00000012   Code   RO          566    i.USBD_LL_PrepareReceive  usbd_conf.o
    0x08002928   0x08002928   0x0000005e   Code   RO         2899    i.USBD_LL_Reset     usbd_core.o
    0x08002986   0x08002986   0x00000014   Code   RO         2900    i.USBD_LL_Resume    usbd_core.o
    0x0800299a   0x0800299a   0x0000001a   Code   RO         2901    i.USBD_LL_SOF       usbd_core.o
    0x080029b4   0x080029b4   0x00000006   Code   RO         2902    i.USBD_LL_SetSpeed  usbd_core.o
    0x080029ba   0x080029ba   0x00000012   Code   RO          567    i.USBD_LL_SetUSBAddress  usbd_conf.o
    0x080029cc   0x080029cc   0x00000060   Code   RO         2903    i.USBD_LL_SetupStage  usbd_core.o
    0x08002a2c   0x08002a2c   0x00000012   Code   RO          568    i.USBD_LL_StallEP   usbd_conf.o
    0x08002a3e   0x08002a3e   0x00000012   Code   RO          569    i.USBD_LL_Start     usbd_conf.o
    0x08002a50   0x08002a50   0x0000001a   Code   RO         2904    i.USBD_LL_Suspend   usbd_core.o
    0x08002a6a   0x08002a6a   0x00000012   Code   RO          571    i.USBD_LL_Transmit  usbd_conf.o
    0x08002a7c   0x08002a7c   0x0000002c   Code   RO         3050    i.USBD_ParseSetupRequest  usbd_ctlreq.o
    0x08002aa8   0x08002aa8   0x0000003a   Code   RO         2905    i.USBD_RegisterClass  usbd_core.o
    0x08002ae2   0x08002ae2   0x00000014   Code   RO         2907    i.USBD_SetClassConfig  usbd_core.o
    0x08002af6   0x08002af6   0x00000002   PAD
    0x08002af8   0x08002af8   0x000000b8   Code   RO         3051    i.USBD_SetConfig    usbd_ctlreq.o
    0x08002bb0   0x08002bb0   0x00000004   Code   RO         2908    i.USBD_Start        usbd_core.o
    0x08002bb4   0x08002bb4   0x0000012c   Code   RO         3052    i.USBD_StdDevReq    usbd_ctlreq.o
    0x08002ce0   0x08002ce0   0x00000166   Code   RO         3053    i.USBD_StdEPReq     usbd_ctlreq.o
    0x08002e46   0x08002e46   0x00000072   Code   RO         3054    i.USBD_StdItfReq    usbd_ctlreq.o
    0x08002eb8   0x08002eb8   0x00000002   Code   RO          572    i.USBD_static_free  usbd_conf.o
    0x08002eba   0x08002eba   0x00000002   PAD
    0x08002ebc   0x08002ebc   0x00000008   Code   RO          573    i.USBD_static_malloc  usbd_conf.o
    0x08002ec4   0x08002ec4   0x00000080   Code   RO         1031    i.USB_ActivateEndpoint  stm32f4xx_ll_usb.o
    0x08002f44   0x08002f44   0x0000001c   Code   RO         1033    i.USB_ActivateSetup  stm32f4xx_ll_usb.o
    0x08002f60   0x08002f60   0x00000084   Code   RO         1035    i.USB_CoreInit      stm32f4xx_ll_usb.o
    0x08002fe4   0x08002fe4   0x00000044   Code   RO         1036    i.USB_CoreReset     stm32f4xx_ll_usb.o
    0x08003028   0x08003028   0x000000cc   Code   RO         1039    i.USB_DeactivateEndpoint  stm32f4xx_ll_usb.o
    0x080030f4   0x080030f4   0x0000001c   Code   RO         1040    i.USB_DevConnect    stm32f4xx_ll_usb.o
    0x08003110   0x08003110   0x0000001c   Code   RO         1041    i.USB_DevDisconnect  stm32f4xx_ll_usb.o
    0x0800312c   0x0800312c   0x0000017c   Code   RO         1042    i.USB_DevInit       stm32f4xx_ll_usb.o
    0x080032a8   0x080032a8   0x0000000c   Code   RO         1043    i.USB_DisableGlobalInt  stm32f4xx_ll_usb.o
    0x080032b4   0x080032b4   0x00000058   Code   RO         1046    i.USB_EP0_OutStart  stm32f4xx_ll_usb.o
    0x0800330c   0x0800330c   0x00000058   Code   RO         1047    i.USB_EPClearStall  stm32f4xx_ll_usb.o
    0x08003364   0x08003364   0x00000058   Code   RO         1048    i.USB_EPSetStall    stm32f4xx_ll_usb.o
    0x080033bc   0x080033bc   0x00000238   Code   RO         1049    i.USB_EPStartXfer   stm32f4xx_ll_usb.o
    0x080035f4   0x080035f4   0x0000009e   Code   RO         1050    i.USB_EPStopXfer    stm32f4xx_ll_usb.o
    0x08003692   0x08003692   0x0000000c   Code   RO         1051    i.USB_EnableGlobalInt  stm32f4xx_ll_usb.o
    0x0800369e   0x0800369e   0x00000038   Code   RO         1052    i.USB_FlushRxFifo   stm32f4xx_ll_usb.o
    0x080036d6   0x080036d6   0x0000003c   Code   RO         1053    i.USB_FlushTxFifo   stm32f4xx_ll_usb.o
    0x08003712   0x08003712   0x0000001a   Code   RO         1055    i.USB_GetDevSpeed   stm32f4xx_ll_usb.o
    0x0800372c   0x0800372c   0x00000008   Code   RO         1057    i.USB_GetMode       stm32f4xx_ll_usb.o
    0x08003734   0x08003734   0x0000000e   Code   RO         1065    i.USB_ReadDevAllInEpInterrupt  stm32f4xx_ll_usb.o
    0x08003742   0x08003742   0x0000000e   Code   RO         1066    i.USB_ReadDevAllOutEpInterrupt  stm32f4xx_ll_usb.o
    0x08003750   0x08003750   0x00000024   Code   RO         1067    i.USB_ReadDevInEPInterrupt  stm32f4xx_ll_usb.o
    0x08003774   0x08003774   0x00000010   Code   RO         1068    i.USB_ReadDevOutEPInterrupt  stm32f4xx_ll_usb.o
    0x08003784   0x08003784   0x00000008   Code   RO         1069    i.USB_ReadInterrupts  stm32f4xx_ll_usb.o
    0x0800378c   0x0800378c   0x0000003e   Code   RO         1070    i.USB_ReadPacket    stm32f4xx_ll_usb.o
    0x080037ca   0x080037ca   0x0000005c   Code   RO         1072    i.USB_SetCurrentMode  stm32f4xx_ll_usb.o
    0x08003826   0x08003826   0x00000022   Code   RO         1073    i.USB_SetDevAddress  stm32f4xx_ll_usb.o
    0x08003848   0x08003848   0x000000e8   Code   RO         1075    i.USB_SetTurnaroundTime  stm32f4xx_ll_usb.o
    0x08003930   0x08003930   0x00000028   Code   RO         1078    i.USB_WritePacket   stm32f4xx_ll_usb.o
    0x08003958   0x08003958   0x00000002   Code   RO          282    i.UsageFault_Handler  stm32f4xx_it.o
    0x0800395a   0x0800395a   0x00000002   PAD
    0x0800395c   0x0800395c   0x00000020   Code   RO         3487    i.__0printf$8       mc_w.l(printf8.o)
    0x0800397c   0x0800397c   0x00000020   Code   RO         2095    i.__NVIC_SetPriority  stm32f4xx_hal_cortex.o
    0x0800399c   0x0800399c   0x0000000e   Code   RO         3581    i.__scatterload_copy  mc_w.l(handlers.o)
    0x080039aa   0x080039aa   0x00000002   Code   RO         3582    i.__scatterload_null  mc_w.l(handlers.o)
    0x080039ac   0x080039ac   0x0000000e   Code   RO         3583    i.__scatterload_zeroinit  mc_w.l(handlers.o)
    0x080039ba   0x080039ba   0x00000002   PAD
    0x080039bc   0x080039bc   0x00000410   Code   RO         3494    i._printf_core      mc_w.l(printf8.o)
    0x08003dcc   0x08003dcc   0x00000024   Code   RO         3495    i._printf_post_padding  mc_w.l(printf8.o)
    0x08003df0   0x08003df0   0x0000002e   Code   RO         3496    i._printf_pre_padding  mc_w.l(printf8.o)
    0x08003e1e   0x08003e1e   0x00000002   PAD
    0x08003e20   0x08003e20   0x00000018   Code   RO          223    i.fputc             usart.o
    0x08003e38   0x08003e38   0x0000006c   Code   RO           15    i.main              main.o
    0x08003ea4   0x08003ea4   0x00000010   Data   RO         2850    .constdata          system_stm32f4xx.o
    0x08003eb4   0x08003eb4   0x00000008   Data   RO         2851    .constdata          system_stm32f4xx.o
    0x08003ebc   0x08003ebc   0x00000020   Data   RO         3579    Region$$Table       anon$$obj.o


    Execution Region RW_IRAM1 (Exec base: 0x20000000, Load base: 0x08003edc, Size: 0x00001440, Max: 0x0001c000, ABSOLUTE, COMPRESSED[0x000003a4])

    Exec Addr    Load Addr    Size         Type   Attr      Idx    E Section Name        Object

    0x20000000   COMPRESSED   0x00000010   Data   RW           16    .data               main.o
    0x20000010   COMPRESSED   0x0000001c   Data   RW          419    .data               usbd_desc.o
    0x2000002c   COMPRESSED   0x00000032   Data   RW          420    .data               usbd_desc.o
    0x2000005e   COMPRESSED   0x0000000b   Data   RW          500    .data               usbd_custom_hid_if.o
    0x20000069   COMPRESSED   0x00000003   PAD
    0x2000006c   COMPRESSED   0x000004ac   Data   RW          501    .data               usbd_custom_hid_if.o
    0x20000518   COMPRESSED   0x00000014   Data   RW          502    .data               usbd_custom_hid_if.o
    0x2000052c   COMPRESSED   0x0000000c   Data   RW         2254    .data               stm32f4xx_hal.o
    0x20000538   COMPRESSED   0x00000004   Data   RW         2852    .data               system_stm32f4xx.o
    0x2000053c   COMPRESSED   0x00000001   Data   RW         3055    .data               usbd_ctlreq.o
    0x2000053d   COMPRESSED   0x00000003   PAD
    0x20000540   COMPRESSED   0x00000038   Data   RW         3196    .data               usbd_customhid.o
    0x20000578   COMPRESSED   0x00000046   Data   RW         3197    .data               usbd_customhid.o
    0x200005be   COMPRESSED   0x00000002   PAD
    0x200005c0   COMPRESSED   0x00000004   Data   RW         3555    .data               mc_w.l(stdout.o)
    0x200005c4        -       0x00000090   Zero   RW          224    .bss                usart.o
    0x20000654        -       0x000002dc   Zero   RW          380    .bss                usb_device.o
    0x20000930        -       0x00000200   Zero   RW          418    .bss                usbd_desc.o
    0x20000b30        -       0x0000050c   Zero   RW          574    .bss                usbd_conf.o
    0x2000103c   COMPRESSED   0x00000004   PAD
    0x20001040        -       0x00000400   Zero   RW            1    STACK               startup_stm32f407xx.o


    Execution Region RW_IRAM2 (Exec base: 0x2001c000, Load base: 0x08004280, Size: 0x00000000, Max: 0x00004000, ABSOLUTE)

    **** No section assigned to this execution region ****


==============================================================================

Image component sizes


      Code (inc. data)   RO Data    RW Data    ZI Data      Debug   Object Name

        60          6          0          0          0        835   gpio.o
       256         20          0         16          0     677524   main.o
        36          8        392          0       1024        836   startup_stm32f407xx.o
       180         28          0         12          0       9409   stm32f4xx_hal.o
       198         14          0          0          0      33819   stm32f4xx_hal_cortex.o
       496         46          0          0          0       1532   stm32f4xx_hal_gpio.o
        48          6          0          0          0        858   stm32f4xx_hal_msp.o
      2558         12          0          0          0      12916   stm32f4xx_hal_pcd.o
        78          0          0          0          0       2401   stm32f4xx_hal_pcd_ex.o
      1356         78          0          0          0       5740   stm32f4xx_hal_rcc.o
       720         10          0          0          0       4856   stm32f4xx_hal_uart.o
        32          6          0          0          0       4634   stm32f4xx_it.o
      2708        116          0          0          0      23268   stm32f4xx_ll_usb.o
        16          4         24          4          0       1127   system_stm32f4xx.o
       308         44          0          0        144       2925   usart.o
        84         18          0          0        732        812   usb_device.o
       634         24          0          0       1292      16248   usbd_conf.o
       934          0          0          0          0      15375   usbd_core.o
      1360         28          0          1          0      15332   usbd_ctlreq.o
       444        268          0       1227          0       4704   usbd_custom_hid_if.o
      1136        104          0        126          0      12867   usbd_customhid.o
       312        128          0         78        512       6205   usbd_desc.o
       138          0          0          0          0       4532   usbd_ioreq.o

    ----------------------------------------------------------------------
     14110        968        448       1472       3708     858755   Object Totals
         0          0         32          0          0          0   (incl. Generated)
        18          0          0          8          4          0   (incl. Padding)

    ----------------------------------------------------------------------

      Code (inc. data)   RO Data    RW Data    ZI Data      Debug   Library Member Name

        94          0          0          0          0          0   __dclz77c.o
         0          0          0          0          0          0   entry.o
         0          0          0          0          0          0   entry10a.o
         0          0          0          0          0          0   entry11a.o
         8          4          0          0          0          0   entry2.o
         4          0          0          0          0          0   entry5.o
         0          0          0          0          0          0   entry7b.o
         0          0          0          0          0          0   entry8b.o
         8          4          0          0          0          0   entry9a.o
        30          0          0          0          0          0   handlers.o
        36          8          0          0          0         68   init.o
        30          0          0          0          0         68   llshl.o
        32          0          0          0          0         68   llushr.o
        36          0          0          0          0        108   memseta.o
      1154         54          0          0          0        352   printf8.o
         0          0          0          4          0          0   stdout.o
        98          0          0          0          0         92   uldiv.o

    ----------------------------------------------------------------------
      1534         70          0          4          0        756   Library Totals
         4          0          0          0          0          0   (incl. Padding)

    ----------------------------------------------------------------------

      Code (inc. data)   RO Data    RW Data    ZI Data      Debug   Library Name

      1530         70          0          4          0        756   mc_w.l

    ----------------------------------------------------------------------
      1534         70          0          4          0        756   Library Totals

    ----------------------------------------------------------------------

==============================================================================


      Code (inc. data)   RO Data    RW Data    ZI Data      Debug   

     15644       1038        448       1476       3708     842783   Grand Totals
     15644       1038        448        932       3708     842783   ELF Image Totals (compressed)
     15644       1038        448        932          0          0   ROM Totals

==============================================================================

    Total RO  Size (Code + RO Data)                16092 (  15.71kB)
    Total RW  Size (RW Data + ZI Data)              5184 (   5.06kB)
    Total ROM Size (Code + RO Data + RW Data)      17024 (  16.63kB)

==============================================================================

